Archive member included because of file (symbol)

c:/program files (x86)/gnu tools arm embedded/4.9 2015q1/bin/../lib/gcc/arm-none-eabi/4.9.3/../../../../arm-none-eabi/lib/armv6-m\libc_nano.a(lib_a-exit.o)
                              c:/program files (x86)/gnu tools arm embedded/4.9 2015q1/bin/../lib/gcc/arm-none-eabi/4.9.3/../../../../arm-none-eabi/lib/armv6-m/crt0.o (exit)
c:/program files (x86)/gnu tools arm embedded/4.9 2015q1/bin/../lib/gcc/arm-none-eabi/4.9.3/../../../../arm-none-eabi/lib/armv6-m\libc_nano.a(lib_a-impure.o)
                              c:/program files (x86)/gnu tools arm embedded/4.9 2015q1/bin/../lib/gcc/arm-none-eabi/4.9.3/../../../../arm-none-eabi/lib/armv6-m\libc_nano.a(lib_a-exit.o) (_global_impure_ptr)
c:/program files (x86)/gnu tools arm embedded/4.9 2015q1/bin/../lib/gcc/arm-none-eabi/4.9.3/../../../../arm-none-eabi/lib/armv6-m\libc_nano.a(lib_a-init.o)
                              c:/program files (x86)/gnu tools arm embedded/4.9 2015q1/bin/../lib/gcc/arm-none-eabi/4.9.3/../../../../arm-none-eabi/lib/armv6-m/crt0.o (__libc_init_array)
c:/program files (x86)/gnu tools arm embedded/4.9 2015q1/bin/../lib/gcc/arm-none-eabi/4.9.3/../../../../arm-none-eabi/lib/armv6-m\libc_nano.a(lib_a-memset.o)
                              c:/program files (x86)/gnu tools arm embedded/4.9 2015q1/bin/../lib/gcc/arm-none-eabi/4.9.3/../../../../arm-none-eabi/lib/armv6-m/crt0.o (memset)
c:/program files (x86)/gnu tools arm embedded/4.9 2015q1/bin/../lib/gcc/arm-none-eabi/4.9.3/../../../../arm-none-eabi/lib/armv6-m\libnosys.a(_exit.o)
                              c:/program files (x86)/gnu tools arm embedded/4.9 2015q1/bin/../lib/gcc/arm-none-eabi/4.9.3/../../../../arm-none-eabi/lib/armv6-m\libc_nano.a(lib_a-exit.o) (_exit)
c:/program files (x86)/gnu tools arm embedded/4.9 2015q1/bin/../lib/gcc/arm-none-eabi/4.9.3/armv6-m\libgcc.a(_udivsi3.o)
                              _build/pstorage.o (__aeabi_uidiv)
c:/program files (x86)/gnu tools arm embedded/4.9 2015q1/bin/../lib/gcc/arm-none-eabi/4.9.3/armv6-m\libgcc.a(_divsi3.o)
                              _build/pstorage.o (__aeabi_idiv)
c:/program files (x86)/gnu tools arm embedded/4.9 2015q1/bin/../lib/gcc/arm-none-eabi/4.9.3/armv6-m\libgcc.a(_dvmd_tls.o)
                              c:/program files (x86)/gnu tools arm embedded/4.9 2015q1/bin/../lib/gcc/arm-none-eabi/4.9.3/armv6-m\libgcc.a(_udivsi3.o) (__aeabi_idiv0)
c:/program files (x86)/gnu tools arm embedded/4.9 2015q1/bin/../lib/gcc/arm-none-eabi/4.9.3/../../../../arm-none-eabi/lib/armv6-m\libc_nano.a(lib_a-memcmp.o)
                              _build/device_manager_peripheral.o (memcmp)
c:/program files (x86)/gnu tools arm embedded/4.9 2015q1/bin/../lib/gcc/arm-none-eabi/4.9.3/../../../../arm-none-eabi/lib/armv6-m\libc_nano.a(lib_a-memcpy.o)
                              _build/pstorage.o (memcpy)
c:/program files (x86)/gnu tools arm embedded/4.9 2015q1/bin/../lib/gcc/arm-none-eabi/4.9.3/../../../../arm-none-eabi/lib/armv6-m\libc_nano.a(lib_a-memmove.o)
                              _build/ble_hrs.o (memmove)
c:/program files (x86)/gnu tools arm embedded/4.9 2015q1/bin/../lib/gcc/arm-none-eabi/4.9.3/../../../../arm-none-eabi/lib/armv6-m\libc_nano.a(lib_a-strlen.o)
                              _build/main.o (strlen)

Allocating common symbols
Common symbol       size              file

__stdin             0x68              _build/retarget.o
__stdout            0x68              _build/retarget.o

Discarded input sections

 .text          0x00000000        0x0 c:/program files (x86)/gnu tools arm embedded/4.9 2015q1/bin/../lib/gcc/arm-none-eabi/4.9.3/armv6-m/crti.o
 .data          0x00000000        0x0 c:/program files (x86)/gnu tools arm embedded/4.9 2015q1/bin/../lib/gcc/arm-none-eabi/4.9.3/armv6-m/crti.o
 .bss           0x00000000        0x0 c:/program files (x86)/gnu tools arm embedded/4.9 2015q1/bin/../lib/gcc/arm-none-eabi/4.9.3/armv6-m/crti.o
 .data          0x00000000        0x4 c:/program files (x86)/gnu tools arm embedded/4.9 2015q1/bin/../lib/gcc/arm-none-eabi/4.9.3/armv6-m/crtbegin.o
 .data          0x00000000        0x0 c:/program files (x86)/gnu tools arm embedded/4.9 2015q1/bin/../lib/gcc/arm-none-eabi/4.9.3/../../../../arm-none-eabi/lib/armv6-m/crt0.o
 .bss           0x00000000        0x0 c:/program files (x86)/gnu tools arm embedded/4.9 2015q1/bin/../lib/gcc/arm-none-eabi/4.9.3/../../../../arm-none-eabi/lib/armv6-m/crt0.o
 .ARM.extab     0x00000000        0x0 c:/program files (x86)/gnu tools arm embedded/4.9 2015q1/bin/../lib/gcc/arm-none-eabi/4.9.3/../../../../arm-none-eabi/lib/armv6-m/crt0.o
 .text          0x00000000        0x0 c:/program files (x86)/gnu tools arm embedded/4.9 2015q1/bin/../lib/gcc/arm-none-eabi/4.9.3/../../../../arm-none-eabi/lib/armv6-m\libc_nano.a(lib_a-exit.o)
 .data          0x00000000        0x0 c:/program files (x86)/gnu tools arm embedded/4.9 2015q1/bin/../lib/gcc/arm-none-eabi/4.9.3/../../../../arm-none-eabi/lib/armv6-m\libc_nano.a(lib_a-exit.o)
 .bss           0x00000000        0x0 c:/program files (x86)/gnu tools arm embedded/4.9 2015q1/bin/../lib/gcc/arm-none-eabi/4.9.3/../../../../arm-none-eabi/lib/armv6-m\libc_nano.a(lib_a-exit.o)
 .text          0x00000000        0x0 c:/program files (x86)/gnu tools arm embedded/4.9 2015q1/bin/../lib/gcc/arm-none-eabi/4.9.3/../../../../arm-none-eabi/lib/armv6-m\libc_nano.a(lib_a-impure.o)
 .data          0x00000000        0x0 c:/program files (x86)/gnu tools arm embedded/4.9 2015q1/bin/../lib/gcc/arm-none-eabi/4.9.3/../../../../arm-none-eabi/lib/armv6-m\libc_nano.a(lib_a-impure.o)
 .bss           0x00000000        0x0 c:/program files (x86)/gnu tools arm embedded/4.9 2015q1/bin/../lib/gcc/arm-none-eabi/4.9.3/../../../../arm-none-eabi/lib/armv6-m\libc_nano.a(lib_a-impure.o)
 .data._impure_ptr
                0x00000000        0x4 c:/program files (x86)/gnu tools arm embedded/4.9 2015q1/bin/../lib/gcc/arm-none-eabi/4.9.3/../../../../arm-none-eabi/lib/armv6-m\libc_nano.a(lib_a-impure.o)
 .text          0x00000000        0x0 c:/program files (x86)/gnu tools arm embedded/4.9 2015q1/bin/../lib/gcc/arm-none-eabi/4.9.3/../../../../arm-none-eabi/lib/armv6-m\libc_nano.a(lib_a-init.o)
 .data          0x00000000        0x0 c:/program files (x86)/gnu tools arm embedded/4.9 2015q1/bin/../lib/gcc/arm-none-eabi/4.9.3/../../../../arm-none-eabi/lib/armv6-m\libc_nano.a(lib_a-init.o)
 .bss           0x00000000        0x0 c:/program files (x86)/gnu tools arm embedded/4.9 2015q1/bin/../lib/gcc/arm-none-eabi/4.9.3/../../../../arm-none-eabi/lib/armv6-m\libc_nano.a(lib_a-init.o)
 .text          0x00000000        0x0 c:/program files (x86)/gnu tools arm embedded/4.9 2015q1/bin/../lib/gcc/arm-none-eabi/4.9.3/../../../../arm-none-eabi/lib/armv6-m\libc_nano.a(lib_a-memset.o)
 .data          0x00000000        0x0 c:/program files (x86)/gnu tools arm embedded/4.9 2015q1/bin/../lib/gcc/arm-none-eabi/4.9.3/../../../../arm-none-eabi/lib/armv6-m\libc_nano.a(lib_a-memset.o)
 .bss           0x00000000        0x0 c:/program files (x86)/gnu tools arm embedded/4.9 2015q1/bin/../lib/gcc/arm-none-eabi/4.9.3/../../../../arm-none-eabi/lib/armv6-m\libc_nano.a(lib_a-memset.o)
 .text          0x00000000        0x0 c:/program files (x86)/gnu tools arm embedded/4.9 2015q1/bin/../lib/gcc/arm-none-eabi/4.9.3/../../../../arm-none-eabi/lib/armv6-m\libnosys.a(_exit.o)
 .data          0x00000000        0x0 c:/program files (x86)/gnu tools arm embedded/4.9 2015q1/bin/../lib/gcc/arm-none-eabi/4.9.3/../../../../arm-none-eabi/lib/armv6-m\libnosys.a(_exit.o)
 .bss           0x00000000        0x0 c:/program files (x86)/gnu tools arm embedded/4.9 2015q1/bin/../lib/gcc/arm-none-eabi/4.9.3/../../../../arm-none-eabi/lib/armv6-m\libnosys.a(_exit.o)
 .text          0x00000000        0x0 _build/app_button.o
 .data          0x00000000        0x0 _build/app_button.o
 .bss           0x00000000        0x0 _build/app_button.o
 .text.app_button_disable
                0x00000000       0x34 _build/app_button.o
 .text.app_button_is_pushed
                0x00000000       0x2c _build/app_button.o
 .text          0x00000000        0x0 _build/app_error.o
 .data          0x00000000        0x0 _build/app_error.o
 .bss           0x00000000        0x0 _build/app_error.o
 .text          0x00000000        0x0 _build/app_fifo.o
 .data          0x00000000        0x0 _build/app_fifo.o
 .bss           0x00000000        0x0 _build/app_fifo.o
 .text.app_fifo_init
                0x00000000       0x28 _build/app_fifo.o
 .text.app_fifo_put
                0x00000000       0x28 _build/app_fifo.o
 .text.app_fifo_get
                0x00000000       0x24 _build/app_fifo.o
 .text.app_fifo_flush
                0x00000000        0x8 _build/app_fifo.o
 .text.app_fifo_read
                0x00000000       0x50 _build/app_fifo.o
 .text.app_fifo_write
                0x00000000       0x54 _build/app_fifo.o
 .comment       0x00000000       0x71 _build/app_fifo.o
 .ARM.attributes
                0x00000000       0x31 _build/app_fifo.o
 .text          0x00000000        0x0 _build/app_timer.o
 .data          0x00000000        0x0 _build/app_timer.o
 .bss           0x00000000        0x0 _build/app_timer.o
 .text.app_timer_stop_all
                0x00000000       0xbc _build/app_timer.o
 .text.app_timer_cnt_get
                0x00000000       0x14 _build/app_timer.o
 .text.app_timer_cnt_diff_compute
                0x00000000        0xc _build/app_timer.o
 .text          0x00000000        0x0 _build/app_trace.o
 .data          0x00000000        0x0 _build/app_trace.o
 .bss           0x00000000        0x0 _build/app_trace.o
 .comment       0x00000000       0x71 _build/app_trace.o
 .ARM.attributes
                0x00000000       0x31 _build/app_trace.o
 .text          0x00000000        0x0 _build/nrf_assert.o
 .data          0x00000000        0x0 _build/nrf_assert.o
 .bss           0x00000000        0x0 _build/nrf_assert.o
 .comment       0x00000000       0x71 _build/nrf_assert.o
 .ARM.attributes
                0x00000000       0x31 _build/nrf_assert.o
 .text          0x00000000        0x0 _build/retarget.o
 .data          0x00000000        0x0 _build/retarget.o
 .bss           0x00000000        0x0 _build/retarget.o
 .text._write   0x00000000       0x1c _build/retarget.o
 .text._read    0x00000000       0x14 _build/retarget.o
 .comment       0x00000000       0x71 _build/retarget.o
 .ARM.attributes
                0x00000000       0x31 _build/retarget.o
 COMMON         0x00000000       0xd0 _build/retarget.o
 .text          0x00000000        0x0 _build/sensorsim.o
 .data          0x00000000        0x0 _build/sensorsim.o
 .bss           0x00000000        0x0 _build/sensorsim.o
 .text.sensorsim_increment
                0x00000000       0x1c _build/sensorsim.o
 .text.sensorsim_decrement
                0x00000000       0x1c _build/sensorsim.o
 .text          0x00000000        0x0 _build/app_uart_fifo.o
 .data          0x00000000        0x0 _build/app_uart_fifo.o
 .bss           0x00000000        0x0 _build/app_uart_fifo.o
 .text.uart_event_handler
                0x00000000       0xc0 _build/app_uart_fifo.o
 .text.app_uart_init
                0x00000000       0xa4 _build/app_uart_fifo.o
 .text.app_uart_flush
                0x00000000       0x1c _build/app_uart_fifo.o
 .text.app_uart_get
                0x00000000       0x34 _build/app_uart_fifo.o
 .text.app_uart_put
                0x00000000       0x28 _build/app_uart_fifo.o
 .text.app_uart_close
                0x00000000        0xc _build/app_uart_fifo.o
 .rodata        0x00000000       0x20 _build/app_uart_fifo.o
 .bss.tx_buffer
                0x00000000        0x4 _build/app_uart_fifo.o
 .bss.m_event_handler
                0x00000000        0x4 _build/app_uart_fifo.o
 .bss.rx_buffer
                0x00000000        0x4 _build/app_uart_fifo.o
 .bss.m_tx_fifo
                0x00000000       0x10 _build/app_uart_fifo.o
 .bss.m_rx_fifo
                0x00000000       0x10 _build/app_uart_fifo.o
 .bss.tx_tmp    0x00000000        0x1 _build/app_uart_fifo.o
 .comment       0x00000000       0x71 _build/app_uart_fifo.o
 .ARM.attributes
                0x00000000       0x31 _build/app_uart_fifo.o
 .text          0x00000000        0x0 _build/nrf_delay.o
 .data          0x00000000        0x0 _build/nrf_delay.o
 .bss           0x00000000        0x0 _build/nrf_delay.o
 .text.nrf_delay_ms
                0x00000000       0x3c _build/nrf_delay.o
 .comment       0x00000000       0x71 _build/nrf_delay.o
 .ARM.attributes
                0x00000000       0x31 _build/nrf_delay.o
 .text          0x00000000        0x0 _build/nrf_drv_common.o
 .data          0x00000000        0x0 _build/nrf_drv_common.o
 .bss           0x00000000        0x0 _build/nrf_drv_common.o
 .text          0x00000000        0x0 _build/nrf_drv_gpiote.o
 .data          0x00000000        0x0 _build/nrf_drv_gpiote.o
 .bss           0x00000000        0x0 _build/nrf_drv_gpiote.o
 .text.nrf_drv_gpiote_uninit
                0x00000000       0xec _build/nrf_drv_gpiote.o
 .text.nrf_drv_gpiote_out_init
                0x00000000       0xdc _build/nrf_drv_gpiote.o
 .text.nrf_drv_gpiote_out_uninit
                0x00000000       0x48 _build/nrf_drv_gpiote.o
 .text.nrf_drv_gpiote_out_set
                0x00000000       0x14 _build/nrf_drv_gpiote.o
 .text.nrf_drv_gpiote_out_clear
                0x00000000       0x14 _build/nrf_drv_gpiote.o
 .text.nrf_drv_gpiote_out_toggle
                0x00000000       0x2c _build/nrf_drv_gpiote.o
 .text.nrf_drv_gpiote_out_task_enable
                0x00000000       0x38 _build/nrf_drv_gpiote.o
 .text.nrf_drv_gpiote_out_task_disable
                0x00000000       0x28 _build/nrf_drv_gpiote.o
 .text.nrf_drv_gpiote_out_task_addr_get
                0x00000000       0x20 _build/nrf_drv_gpiote.o
 .text.nrf_drv_gpiote_out_task_force
                0x00000000       0x38 _build/nrf_drv_gpiote.o
 .text.nrf_drv_gpiote_out_task_trigger
                0x00000000       0x20 _build/nrf_drv_gpiote.o
 .text.nrf_drv_gpiote_in_event_disable
                0x00000000       0x60 _build/nrf_drv_gpiote.o
 .text.nrf_drv_gpiote_in_uninit
                0x00000000       0xa8 _build/nrf_drv_gpiote.o
 .text.nrf_drv_gpiote_in_event_addr_get
                0x00000000       0x20 _build/nrf_drv_gpiote.o
 .text          0x00000000        0x0 _build/nrf_drv_uart.o
 .data          0x00000000        0x0 _build/nrf_drv_uart.o
 .bss           0x00000000        0x0 _build/nrf_drv_uart.o
 .text.nrf_drv_uart_init
                0x00000000      0x110 _build/nrf_drv_uart.o
 .text.nrf_drv_uart_uninit
                0x00000000       0xbc _build/nrf_drv_uart.o
 .text.nrf_drv_uart_tx
                0x00000000       0xb4 _build/nrf_drv_uart.o
 .text.nrf_drv_uart_rx
                0x00000000      0x108 _build/nrf_drv_uart.o
 .text.nrf_drv_uart_rx_enable
                0x00000000       0x2c _build/nrf_drv_uart.o
 .text.nrf_drv_uart_rx_disable
                0x00000000       0x18 _build/nrf_drv_uart.o
 .text.nrf_drv_uart_errorsrc_get
                0x00000000       0x1c _build/nrf_drv_uart.o
 .text.nrf_drv_uart_tx_abort
                0x00000000       0x3c _build/nrf_drv_uart.o
 .text.nrf_drv_uart_rx_abort
                0x00000000       0x1c _build/nrf_drv_uart.o
 .rodata.m_default_config
                0x00000000       0x20 _build/nrf_drv_uart.o
 .text          0x00000000        0x0 _build/pstorage.o
 .data          0x00000000        0x0 _build/pstorage.o
 .bss           0x00000000        0x0 _build/pstorage.o
 .text          0x00000000        0x0 _build/bsp.o
 .data          0x00000000        0x0 _build/bsp.o
 .bss           0x00000000        0x0 _build/bsp.o
 .text.bsp_buttons_state_get
                0x00000000       0x40 _build/bsp.o
 .text.bsp_indication_text_set
                0x00000000      0x394 _build/bsp.o
 .rodata.bsp_indication_text_set
                0x00000000       0x60 _build/bsp.o
 .text.bsp_buttons_enable
                0x00000000        0x8 _build/bsp.o
 .text.bsp_buttons_disable
                0x00000000        0x8 _build/bsp.o
 .text          0x00000000        0x0 _build/bsp_btn_ble.o
 .data          0x00000000        0x0 _build/bsp_btn_ble.o
 .bss           0x00000000        0x0 _build/bsp_btn_ble.o
 .text          0x00000000        0x0 _build/main.o
 .data          0x00000000        0x0 _build/main.o
 .bss           0x00000000        0x0 _build/main.o
 .text          0x00000000        0x0 _build/ble_advdata.o
 .data          0x00000000        0x0 _build/ble_advdata.o
 .bss           0x00000000        0x0 _build/ble_advdata.o
 .text          0x00000000        0x0 _build/ble_advertising.o
 .data          0x00000000        0x0 _build/ble_advertising.o
 .bss           0x00000000        0x0 _build/ble_advertising.o
 .text.ble_advertising_peer_addr_reply
                0x00000000       0x3c _build/ble_advertising.o
 .text.ble_advertising_whitelist_reply
                0x00000000       0xd8 _build/ble_advertising.o
 .text          0x00000000        0x0 _build/ble_bas.o
 .data          0x00000000        0x0 _build/ble_bas.o
 .bss           0x00000000        0x0 _build/ble_bas.o
 .text          0x00000000        0x0 _build/ble_conn_params.o
 .data          0x00000000        0x0 _build/ble_conn_params.o
 .bss           0x00000000        0x0 _build/ble_conn_params.o
 .text.ble_conn_params_stop
                0x00000000       0x10 _build/ble_conn_params.o
 .text.ble_conn_params_change_conn_params
                0x00000000       0x70 _build/ble_conn_params.o
 .text          0x00000000        0x0 _build/ble_dis.o
 .data          0x00000000        0x0 _build/ble_dis.o
 .bss           0x00000000        0x0 _build/ble_dis.o
 .text          0x00000000        0x0 _build/ble_hrs.o
 .data          0x00000000        0x0 _build/ble_hrs.o
 .bss           0x00000000        0x0 _build/ble_hrs.o
 .text.sd_ble_gatts_value_set
                0x00000000        0x4 _build/ble_hrs.o
 .text.ble_hrs_rr_interval_buffer_is_full
                0x00000000       0x10 _build/ble_hrs.o
 .text.ble_hrs_sensor_contact_supported_set
                0x00000000       0x1c _build/ble_hrs.o
 .text.ble_hrs_body_sensor_location_set
                0x00000000       0x30 _build/ble_hrs.o
 .text          0x00000000        0x0 _build/ble_srv_common.o
 .data          0x00000000        0x0 _build/ble_srv_common.o
 .bss           0x00000000        0x0 _build/ble_srv_common.o
 .text.sd_ble_gatts_characteristic_add
                0x00000000        0x4 _build/ble_srv_common.o
 .text.sd_ble_gatts_descriptor_add
                0x00000000        0x4 _build/ble_srv_common.o
 .text.characteristic_add
                0x00000000      0x368 _build/ble_srv_common.o
 .rodata.characteristic_add
                0x00000000       0x78 _build/ble_srv_common.o
 .text.descriptor_add
                0x00000000      0x15c _build/ble_srv_common.o
 .rodata.descriptor_add
                0x00000000       0x30 _build/ble_srv_common.o
 .text          0x00000000        0x0 _build/device_manager_peripheral.o
 .data          0x00000000        0x0 _build/device_manager_peripheral.o
 .bss           0x00000000        0x0 _build/device_manager_peripheral.o
 .text.sd_ble_gap_authenticate
                0x00000000        0x4 _build/device_manager_peripheral.o
 .text.dm_security_setup_req
                0x00000000       0x5c _build/device_manager_peripheral.o
 .text.dm_security_status_req
                0x00000000       0x74 _build/device_manager_peripheral.o
 .text.dm_whitelist_create
                0x00000000       0xe0 _build/device_manager_peripheral.o
 .text.dm_device_add
                0x00000000        0x8 _build/device_manager_peripheral.o
 .text.dm_device_delete
                0x00000000       0xd4 _build/device_manager_peripheral.o
 .text.dm_device_delete_all
                0x00000000       0xcc _build/device_manager_peripheral.o
 .text.dm_service_context_set
                0x00000000       0xbc _build/device_manager_peripheral.o
 .text.dm_service_context_get
                0x00000000       0xd8 _build/device_manager_peripheral.o
 .text.dm_service_context_delete
                0x00000000       0x5c _build/device_manager_peripheral.o
 .text.dm_application_context_set
                0x00000000       0xec _build/device_manager_peripheral.o
 .text.dm_application_context_get
                0x00000000       0xc0 _build/device_manager_peripheral.o
 .text.dm_application_context_delete
                0x00000000       0xa4 _build/device_manager_peripheral.o
 .text.dm_application_instance_set
                0x00000000       0x3c _build/device_manager_peripheral.o
 .text.dm_handle_initialize
                0x00000000       0x1c _build/device_manager_peripheral.o
 .text.dm_peer_addr_set
                0x00000000       0xb8 _build/device_manager_peripheral.o
 .text.dm_peer_addr_get
                0x00000000       0x84 _build/device_manager_peripheral.o
 .text.dm_distributed_keys_get
                0x00000000       0xbc _build/device_manager_peripheral.o
 .text.dm_handle_get
                0x00000000       0x48 _build/device_manager_peripheral.o
 .bss.m_local_id_info
                0x00000000       0x18 _build/device_manager_peripheral.o
 .text          0x00000000        0x0 _build/system_nrf51.o
 .data          0x00000000        0x0 _build/system_nrf51.o
 .bss           0x00000000        0x0 _build/system_nrf51.o
 .text.SystemCoreClockUpdate
                0x00000000       0x10 _build/system_nrf51.o
 .data.SystemCoreClock
                0x00000000        0x4 _build/system_nrf51.o
 .text          0x00000000        0x0 _build/softdevice_handler.o
 .data          0x00000000        0x0 _build/softdevice_handler.o
 .bss           0x00000000        0x0 _build/softdevice_handler.o
 .text.sd_softdevice_disable
                0x00000000        0x4 _build/softdevice_handler.o
 .text.intern_softdevice_events_execute
                0x00000000       0x14 _build/softdevice_handler.o
 .text.softdevice_handler_isEnabled
                0x00000000        0xc _build/softdevice_handler.o
 .text.softdevice_handler_sd_disable
                0x00000000       0x18 _build/softdevice_handler.o
 .data          0x00000000        0x0 _build/gcc_startup_nrf51.o
 .bss           0x00000000        0x0 _build/gcc_startup_nrf51.o
 .ARM.extab     0x00000000        0x0 _build/gcc_startup_nrf51.o
 .data          0x00000000        0x0 c:/program files (x86)/gnu tools arm embedded/4.9 2015q1/bin/../lib/gcc/arm-none-eabi/4.9.3/armv6-m\libgcc.a(_udivsi3.o)
 .bss           0x00000000        0x0 c:/program files (x86)/gnu tools arm embedded/4.9 2015q1/bin/../lib/gcc/arm-none-eabi/4.9.3/armv6-m\libgcc.a(_udivsi3.o)
 .data          0x00000000        0x0 c:/program files (x86)/gnu tools arm embedded/4.9 2015q1/bin/../lib/gcc/arm-none-eabi/4.9.3/armv6-m\libgcc.a(_divsi3.o)
 .bss           0x00000000        0x0 c:/program files (x86)/gnu tools arm embedded/4.9 2015q1/bin/../lib/gcc/arm-none-eabi/4.9.3/armv6-m\libgcc.a(_divsi3.o)
 .data          0x00000000        0x0 c:/program files (x86)/gnu tools arm embedded/4.9 2015q1/bin/../lib/gcc/arm-none-eabi/4.9.3/armv6-m\libgcc.a(_dvmd_tls.o)
 .bss           0x00000000        0x0 c:/program files (x86)/gnu tools arm embedded/4.9 2015q1/bin/../lib/gcc/arm-none-eabi/4.9.3/armv6-m\libgcc.a(_dvmd_tls.o)
 .text          0x00000000        0x0 c:/program files (x86)/gnu tools arm embedded/4.9 2015q1/bin/../lib/gcc/arm-none-eabi/4.9.3/../../../../arm-none-eabi/lib/armv6-m\libc_nano.a(lib_a-memcmp.o)
 .data          0x00000000        0x0 c:/program files (x86)/gnu tools arm embedded/4.9 2015q1/bin/../lib/gcc/arm-none-eabi/4.9.3/../../../../arm-none-eabi/lib/armv6-m\libc_nano.a(lib_a-memcmp.o)
 .bss           0x00000000        0x0 c:/program files (x86)/gnu tools arm embedded/4.9 2015q1/bin/../lib/gcc/arm-none-eabi/4.9.3/../../../../arm-none-eabi/lib/armv6-m\libc_nano.a(lib_a-memcmp.o)
 .text          0x00000000        0x0 c:/program files (x86)/gnu tools arm embedded/4.9 2015q1/bin/../lib/gcc/arm-none-eabi/4.9.3/../../../../arm-none-eabi/lib/armv6-m\libc_nano.a(lib_a-memcpy.o)
 .data          0x00000000        0x0 c:/program files (x86)/gnu tools arm embedded/4.9 2015q1/bin/../lib/gcc/arm-none-eabi/4.9.3/../../../../arm-none-eabi/lib/armv6-m\libc_nano.a(lib_a-memcpy.o)
 .bss           0x00000000        0x0 c:/program files (x86)/gnu tools arm embedded/4.9 2015q1/bin/../lib/gcc/arm-none-eabi/4.9.3/../../../../arm-none-eabi/lib/armv6-m\libc_nano.a(lib_a-memcpy.o)
 .text          0x00000000        0x0 c:/program files (x86)/gnu tools arm embedded/4.9 2015q1/bin/../lib/gcc/arm-none-eabi/4.9.3/../../../../arm-none-eabi/lib/armv6-m\libc_nano.a(lib_a-memmove.o)
 .data          0x00000000        0x0 c:/program files (x86)/gnu tools arm embedded/4.9 2015q1/bin/../lib/gcc/arm-none-eabi/4.9.3/../../../../arm-none-eabi/lib/armv6-m\libc_nano.a(lib_a-memmove.o)
 .bss           0x00000000        0x0 c:/program files (x86)/gnu tools arm embedded/4.9 2015q1/bin/../lib/gcc/arm-none-eabi/4.9.3/../../../../arm-none-eabi/lib/armv6-m\libc_nano.a(lib_a-memmove.o)
 .text          0x00000000        0x0 c:/program files (x86)/gnu tools arm embedded/4.9 2015q1/bin/../lib/gcc/arm-none-eabi/4.9.3/../../../../arm-none-eabi/lib/armv6-m\libc_nano.a(lib_a-strlen.o)
 .data          0x00000000        0x0 c:/program files (x86)/gnu tools arm embedded/4.9 2015q1/bin/../lib/gcc/arm-none-eabi/4.9.3/../../../../arm-none-eabi/lib/armv6-m\libc_nano.a(lib_a-strlen.o)
 .bss           0x00000000        0x0 c:/program files (x86)/gnu tools arm embedded/4.9 2015q1/bin/../lib/gcc/arm-none-eabi/4.9.3/../../../../arm-none-eabi/lib/armv6-m\libc_nano.a(lib_a-strlen.o)
 .text          0x00000000        0x0 c:/program files (x86)/gnu tools arm embedded/4.9 2015q1/bin/../lib/gcc/arm-none-eabi/4.9.3/armv6-m/crtend.o
 .data          0x00000000        0x0 c:/program files (x86)/gnu tools arm embedded/4.9 2015q1/bin/../lib/gcc/arm-none-eabi/4.9.3/armv6-m/crtend.o
 .bss           0x00000000        0x0 c:/program files (x86)/gnu tools arm embedded/4.9 2015q1/bin/../lib/gcc/arm-none-eabi/4.9.3/armv6-m/crtend.o
 .eh_frame      0x00000000        0x4 c:/program files (x86)/gnu tools arm embedded/4.9 2015q1/bin/../lib/gcc/arm-none-eabi/4.9.3/armv6-m/crtend.o
 .jcr           0x00000000        0x4 c:/program files (x86)/gnu tools arm embedded/4.9 2015q1/bin/../lib/gcc/arm-none-eabi/4.9.3/armv6-m/crtend.o
 .ARM.attributes
                0x00000000       0x2c c:/program files (x86)/gnu tools arm embedded/4.9 2015q1/bin/../lib/gcc/arm-none-eabi/4.9.3/armv6-m/crtend.o
 .text          0x00000000        0x0 c:/program files (x86)/gnu tools arm embedded/4.9 2015q1/bin/../lib/gcc/arm-none-eabi/4.9.3/armv6-m/crtn.o
 .data          0x00000000        0x0 c:/program files (x86)/gnu tools arm embedded/4.9 2015q1/bin/../lib/gcc/arm-none-eabi/4.9.3/armv6-m/crtn.o
 .bss           0x00000000        0x0 c:/program files (x86)/gnu tools arm embedded/4.9 2015q1/bin/../lib/gcc/arm-none-eabi/4.9.3/armv6-m/crtn.o

Memory Configuration

Name             Origin             Length             Attributes
FLASH            0x0001d000         0x00023000         xr
RAM              0x20002200         0x00005e00         xrw
*default*        0x00000000         0xffffffff

Linker script and memory map

LOAD c:/program files (x86)/gnu tools arm embedded/4.9 2015q1/bin/../lib/gcc/arm-none-eabi/4.9.3/armv6-m/crti.o
LOAD c:/program files (x86)/gnu tools arm embedded/4.9 2015q1/bin/../lib/gcc/arm-none-eabi/4.9.3/armv6-m/crtbegin.o
LOAD c:/program files (x86)/gnu tools arm embedded/4.9 2015q1/bin/../lib/gcc/arm-none-eabi/4.9.3/../../../../arm-none-eabi/lib/armv6-m/crt0.o
LOAD c:/program files (x86)/gnu tools arm embedded/4.9 2015q1/bin/../lib/gcc/arm-none-eabi/4.9.3/../../../../arm-none-eabi/lib/armv6-m\libc_nano.a
LOAD c:/program files (x86)/gnu tools arm embedded/4.9 2015q1/bin/../lib/gcc/arm-none-eabi/4.9.3/../../../../arm-none-eabi/lib/armv6-m\libnosys.a
LOAD _build/app_button.o
LOAD _build/app_error.o
LOAD _build/app_fifo.o
LOAD _build/app_timer.o
LOAD _build/app_trace.o
LOAD _build/nrf_assert.o
LOAD _build/retarget.o
LOAD _build/sensorsim.o
LOAD _build/app_uart_fifo.o
LOAD _build/nrf_delay.o
LOAD _build/nrf_drv_common.o
LOAD _build/nrf_drv_gpiote.o
LOAD _build/nrf_drv_uart.o
LOAD _build/pstorage.o
LOAD _build/bsp.o
LOAD _build/bsp_btn_ble.o
LOAD _build/main.o
LOAD _build/ble_advdata.o
LOAD _build/ble_advertising.o
LOAD _build/ble_bas.o
LOAD _build/ble_conn_params.o
LOAD _build/ble_dis.o
LOAD _build/ble_hrs.o
LOAD _build/ble_srv_common.o
LOAD _build/device_manager_peripheral.o
LOAD _build/system_nrf51.o
LOAD _build/softdevice_handler.o
LOAD _build/gcc_startup_nrf51.o
START GROUP
LOAD c:/program files (x86)/gnu tools arm embedded/4.9 2015q1/bin/../lib/gcc/arm-none-eabi/4.9.3/armv6-m\libgcc.a
LOAD c:/program files (x86)/gnu tools arm embedded/4.9 2015q1/bin/../lib/gcc/arm-none-eabi/4.9.3/../../../../arm-none-eabi/lib/armv6-m\libc_nano.a
END GROUP
START GROUP
LOAD c:/program files (x86)/gnu tools arm embedded/4.9 2015q1/bin/../lib/gcc/arm-none-eabi/4.9.3/armv6-m\libgcc.a
LOAD c:/program files (x86)/gnu tools arm embedded/4.9 2015q1/bin/../lib/gcc/arm-none-eabi/4.9.3/../../../../arm-none-eabi/lib/armv6-m\libc_nano.a
END GROUP
LOAD c:/program files (x86)/gnu tools arm embedded/4.9 2015q1/bin/../lib/gcc/arm-none-eabi/4.9.3/armv6-m/crtend.o
LOAD c:/program files (x86)/gnu tools arm embedded/4.9 2015q1/bin/../lib/gcc/arm-none-eabi/4.9.3/armv6-m/crtn.o
START GROUP
LOAD c:/program files (x86)/gnu tools arm embedded/4.9 2015q1/bin/../lib/gcc/arm-none-eabi/4.9.3/armv6-m\libgcc.a
LOAD c:/program files (x86)/gnu tools arm embedded/4.9 2015q1/bin/../lib/gcc/arm-none-eabi/4.9.3/../../../../arm-none-eabi/lib/armv6-m\libc.a
LOAD c:/program files (x86)/gnu tools arm embedded/4.9 2015q1/bin/../lib/gcc/arm-none-eabi/4.9.3/../../../../arm-none-eabi/lib/armv6-m\libnosys.a
END GROUP

.fs_data_out    0x00000000        0x0
                0x00000000                PROVIDE (__start_fs_data, .)
 *(fs_data)
                0x00000000                PROVIDE (__stop_fs_data, .)

.text           0x0001d000     0x79f4
 *(.Vectors)
 .Vectors       0x0001d000       0xc0 _build/gcc_startup_nrf51.o
                0x0001d000                __Vectors
 *(.text*)
 .text          0x0001d0c0       0x60 c:/program files (x86)/gnu tools arm embedded/4.9 2015q1/bin/../lib/gcc/arm-none-eabi/4.9.3/armv6-m/crtbegin.o
 .text          0x0001d120       0x78 c:/program files (x86)/gnu tools arm embedded/4.9 2015q1/bin/../lib/gcc/arm-none-eabi/4.9.3/../../../../arm-none-eabi/lib/armv6-m/crt0.o
                0x0001d120                _start
                0x0001d120                _mainCRTStartup
 .text.exit     0x0001d198       0x2c c:/program files (x86)/gnu tools arm embedded/4.9 2015q1/bin/../lib/gcc/arm-none-eabi/4.9.3/../../../../arm-none-eabi/lib/armv6-m\libc_nano.a(lib_a-exit.o)
                0x0001d198                exit
 .text.__libc_init_array
                0x0001d1c4       0x4c c:/program files (x86)/gnu tools arm embedded/4.9 2015q1/bin/../lib/gcc/arm-none-eabi/4.9.3/../../../../arm-none-eabi/lib/armv6-m\libc_nano.a(lib_a-init.o)
                0x0001d1c4                __libc_init_array
 .text.memset   0x0001d210       0x10 c:/program files (x86)/gnu tools arm embedded/4.9 2015q1/bin/../lib/gcc/arm-none-eabi/4.9.3/../../../../arm-none-eabi/lib/armv6-m\libc_nano.a(lib_a-memset.o)
                0x0001d210                memset
 .text._exit    0x0001d220        0x4 c:/program files (x86)/gnu tools arm embedded/4.9 2015q1/bin/../lib/gcc/arm-none-eabi/4.9.3/../../../../arm-none-eabi/lib/armv6-m\libnosys.a(_exit.o)
                0x0001d220                _exit
 .text.detection_delay_timeout_handler
                0x0001d224       0xa8 _build/app_button.o
 .text.gpiote_event_handler
                0x0001d2cc       0x5c _build/app_button.o
 .text.app_button_init
                0x0001d328       0xb4 _build/app_button.o
                0x0001d328                app_button_init
 .text.app_button_enable
                0x0001d3dc       0x30 _build/app_button.o
                0x0001d3dc                app_button_enable
 .text.app_error_handler
                0x0001d40c       0x18 _build/app_error.o
                0x0001d40c                app_error_handler
 .text.rtc1_stop
                0x0001d424       0x78 _build/app_timer.o
 .text.RTC1_IRQHandler
                0x0001d49c       0xe0 _build/app_timer.o
                0x0001d49c                RTC1_IRQHandler
 .text.SWI0_IRQHandler
                0x0001d57c      0x448 _build/app_timer.o
                0x0001d57c                SWI0_IRQHandler
 .text.app_timer_init
                0x0001d9c4       0xe4 _build/app_timer.o
                0x0001d9c4                app_timer_init
 .text.app_timer_create
                0x0001daa8       0x34 _build/app_timer.o
                0x0001daa8                app_timer_create
 .text.app_timer_start
                0x0001dadc       0xfc _build/app_timer.o
                0x0001dadc                app_timer_start
 .text.app_timer_stop
                0x0001dbd8       0xc8 _build/app_timer.o
                0x0001dbd8                app_timer_stop
 .text.sensorsim_init
                0x0001dca0       0x18 _build/sensorsim.o
                0x0001dca0                sensorsim_init
 .text.sensorsim_measure
                0x0001dcb8       0x40 _build/sensorsim.o
                0x0001dcb8                sensorsim_measure
 .text.nrf_drv_common_irq_enable
                0x0001dcf8       0x80 _build/nrf_drv_common.o
                0x0001dcf8                nrf_drv_common_irq_enable
 .text.nrf_drv_gpiote_init
                0x0001dd78       0x68 _build/nrf_drv_gpiote.o
                0x0001dd78                nrf_drv_gpiote_init
 .text.nrf_drv_gpiote_is_init
                0x0001dde0       0x14 _build/nrf_drv_gpiote.o
                0x0001dde0                nrf_drv_gpiote_is_init
 .text.nrf_drv_gpiote_in_init
                0x0001ddf4      0x15c _build/nrf_drv_gpiote.o
                0x0001ddf4                nrf_drv_gpiote_in_init
 .text.nrf_drv_gpiote_in_event_enable
                0x0001df50       0xa8 _build/nrf_drv_gpiote.o
                0x0001df50                nrf_drv_gpiote_in_event_enable
 .text.nrf_drv_gpiote_in_is_set
                0x0001dff8       0x14 _build/nrf_drv_gpiote.o
                0x0001dff8                nrf_drv_gpiote_in_is_set
 .text.GPIOTE_IRQHandler
                0x0001e00c      0x3bc _build/nrf_drv_gpiote.o
                0x0001e00c                GPIOTE_IRQHandler
 .text.UART0_IRQHandler
                0x0001e3c8      0x16c _build/nrf_drv_uart.o
                0x0001e3c8                UART0_IRQHandler
 .text.sd_flash_write
                0x0001e534        0x4 _build/pstorage.o
 .text.sd_flash_page_erase
                0x0001e538        0x4 _build/pstorage.o
 .text.flash_api_err_code_process
                0x0001e53c       0x60 _build/pstorage.o
 .text.state_entry_action_run
                0x0001e59c      0x1b4 _build/pstorage.o
 .text.clear_operation_execute
                0x0001e750      0x194 _build/pstorage.o
 .text.unlikely.cmd_queue_enqueue
                0x0001e8e4       0x8c _build/pstorage.o
 .text.tail_restore_state_run
                0x0001e970       0xb4 _build/pstorage.o
 .text.state_write_data_swap_entry_run
                0x0001ea24       0xb0 _build/pstorage.o
 .text.state_restore_head_entry_run
                0x0001ead4       0xb0 _build/pstorage.o
 .text.data_to_swap_write_state_run
                0x0001eb84       0xa0 _build/pstorage.o
 .text.state_restore_tail_entry_run
                0x0001ec24       0xc0 _build/pstorage.o
 .text.state_erase_data_page_entry_run
                0x0001ece4       0x70 _build/pstorage.o
 .text.swap_erase_state_run
                0x0001ed54       0xd4 _build/pstorage.o
 .text.state_swap_erase_entry_run
                0x0001ee28       0xa4 _build/pstorage.o
 .text.store_cmd_flash_write_execute
                0x0001eecc      0x120 _build/pstorage.o
 .text.head_restore_state_run
                0x0001efec      0x21c _build/pstorage.o
 .text.data_page_erase_state_run
                0x0001f208      0x26c _build/pstorage.o
 .text.command_end_procedure_run
                0x0001f474       0xb8 _build/pstorage.o
 .text.pstorage_sys_event_handler
                0x0001f52c      0x1cc _build/pstorage.o
                0x0001f52c                pstorage_sys_event_handler
 .text.pstorage_init
                0x0001f6f8      0x14c _build/pstorage.o
                0x0001f6f8                pstorage_init
 .text.pstorage_register
                0x0001f844       0xf0 _build/pstorage.o
                0x0001f844                pstorage_register
 .text.pstorage_block_identifier_get
                0x0001f934       0x50 _build/pstorage.o
                0x0001f934                pstorage_block_identifier_get
 .text.pstorage_store
                0x0001f984       0x88 _build/pstorage.o
                0x0001f984                pstorage_store
 .text.pstorage_update
                0x0001fa0c       0x88 _build/pstorage.o
                0x0001fa0c                pstorage_update
 .text.pstorage_load
                0x0001fa94       0xa8 _build/pstorage.o
                0x0001fa94                pstorage_load
 .text.pstorage_clear
                0x0001fb3c       0x94 _build/pstorage.o
                0x0001fb3c                pstorage_clear
 .text.pstorage_access_status_get
                0x0001fbd0       0x28 _build/pstorage.o
                0x0001fbd0                pstorage_access_status_get
 .text.alert_timer_handler
                0x0001fbf8       0x28 _build/bsp.o
 .text.bsp_button_event_handler
                0x0001fc20       0xcc _build/bsp.o
 .text.leds_timer_handler
                0x0001fcec      0x344 _build/bsp.o
 .text.button_timer_handler
                0x00020030       0x48 _build/bsp.o
 .text.bsp_button_is_pressed
                0x00020078       0x2c _build/bsp.o
                0x00020078                bsp_button_is_pressed
 .text.bsp_indication_set
                0x000200a4      0x394 _build/bsp.o
                0x000200a4                bsp_indication_set
 .text.bsp_init
                0x00020438       0xc0 _build/bsp.o
                0x00020438                bsp_init
 .text.bsp_event_to_button_action_assign
                0x000204f8       0x58 _build/bsp.o
                0x000204f8                bsp_event_to_button_action_assign
 .text.bsp_wakeup_buttons_set
                0x00020550       0x8c _build/bsp.o
                0x00020550                bsp_wakeup_buttons_set
 .text.bsp_btn_ble_sleep_mode_prepare
                0x000205dc       0x18 _build/bsp_btn_ble.o
                0x000205dc                bsp_btn_ble_sleep_mode_prepare
 .text.bsp_btn_ble_on_ble_evt
                0x000205f4       0xbc _build/bsp_btn_ble.o
                0x000205f4                bsp_btn_ble_on_ble_evt
 .text.bsp_btn_ble_init
                0x000206b0       0x9c _build/bsp_btn_ble.o
                0x000206b0                bsp_btn_ble_init
 .text.sd_ble_gap_disconnect
                0x0002074c        0x4 _build/main.o
 .text.sd_ble_gap_appearance_set
                0x00020750        0x4 _build/main.o
 .text.sd_ble_gap_ppcp_set
                0x00020754        0x4 _build/main.o
 .text.sd_ble_gap_device_name_set
                0x00020758        0x4 _build/main.o
 .text.sd_ble_enable
                0x0002075c        0x4 _build/main.o
 .text.sd_power_system_off
                0x00020760        0x4 _build/main.o
 .text.sd_app_evt_wait
                0x00020764        0x4 _build/main.o
 .text.conn_params_error_handler
                0x00020768        0xc _build/main.o
 .text.sensor_contact_detected_timeout_handler
                0x00020774       0x1c _build/main.o
 .text.heart_rate_meas_timeout_handler
                0x00020790       0x64 _build/main.o
 .text.battery_level_meas_timeout_handler
                0x000207f4       0x44 _build/main.o
 .text.sys_evt_dispatch
                0x00020838       0x10 _build/main.o
 .text.device_manager_evt_handler
                0x00020848       0x14 _build/main.o
 .text.on_conn_params_evt
                0x0002085c       0x28 _build/main.o
 .text.ble_evt_dispatch
                0x00020884       0x64 _build/main.o
 .text.bsp_event_handler
                0x000208e8       0x68 _build/main.o
                0x000208e8                bsp_event_handler
 .text.rr_interval_timeout_handler
                0x00020950       0x2c _build/main.o
 .text.on_adv_evt
                0x0002097c       0x50 _build/main.o
 .text.assert_nrf_callback
                0x000209cc       0x14 _build/main.o
                0x000209cc                assert_nrf_callback
 .text.startup.main
                0x000209e0      0x4cc _build/main.o
                0x000209e0                main
 .text.sd_ble_gap_address_get
                0x00020eac        0x4 _build/ble_advdata.o
 .text.sd_ble_gap_adv_data_set
                0x00020eb0        0x4 _build/ble_advdata.o
 .text.sd_ble_gap_appearance_get
                0x00020eb4        0x4 _build/ble_advdata.o
 .text.sd_ble_gap_device_name_get
                0x00020eb8        0x4 _build/ble_advdata.o
 .text.sd_ble_uuid_encode
                0x00020ebc        0x4 _build/ble_advdata.o
 .text.name_encode
                0x00020ec0       0x8c _build/ble_advdata.o
 .text.uuid_list_sized_encode
                0x00020f4c       0xe8 _build/ble_advdata.o
 .text.adv_data_encode
                0x00021034      0x550 _build/ble_advdata.o
                0x00021034                adv_data_encode
 .text.ble_advdata_set
                0x00021584      0x508 _build/ble_advdata.o
                0x00021584                ble_advdata_set
 .text.sd_ble_gap_adv_start
                0x00021a8c        0x4 _build/ble_advertising.o
 .text.sd_ble_gap_adv_stop
                0x00021a90        0x4 _build/ble_advertising.o
 .text.ble_advertising_init
                0x00021a94      0x148 _build/ble_advertising.o
                0x00021a94                ble_advertising_init
 .text.ble_advertising_start
                0x00021bdc      0x2c0 _build/ble_advertising.o
                0x00021bdc                ble_advertising_start
 .text.ble_advertising_on_ble_evt
                0x00021e9c       0xb0 _build/ble_advertising.o
                0x00021e9c                ble_advertising_on_ble_evt
 .text.ble_advertising_on_sys_evt
                0x00021f4c      0x2e0 _build/ble_advertising.o
                0x00021f4c                ble_advertising_on_sys_evt
 .text.ble_advertising_restart_without_whitelist
                0x0002222c      0x324 _build/ble_advertising.o
                0x0002222c                ble_advertising_restart_without_whitelist
 .text.sd_ble_gatts_service_add
                0x00022550        0x4 _build/ble_bas.o
 .text.sd_ble_gatts_characteristic_add
                0x00022554        0x4 _build/ble_bas.o
 .text.sd_ble_gatts_descriptor_add
                0x00022558        0x4 _build/ble_bas.o
 .text.sd_ble_gatts_value_set
                0x0002255c        0x4 _build/ble_bas.o
 .text.sd_ble_gatts_hvx
                0x00022560        0x4 _build/ble_bas.o
 .text.ble_bas_on_ble_evt
                0x00022564       0x64 _build/ble_bas.o
                0x00022564                ble_bas_on_ble_evt
 .text.ble_bas_init
                0x000225c8      0x1dc _build/ble_bas.o
                0x000225c8                ble_bas_init
 .text.ble_bas_battery_level_update
                0x000227a4       0x8c _build/ble_bas.o
                0x000227a4                ble_bas_battery_level_update
 .text.sd_ble_gap_conn_param_update
                0x00022830        0x4 _build/ble_conn_params.o
 .text.sd_ble_gap_disconnect
                0x00022834        0x4 _build/ble_conn_params.o
 .text.sd_ble_gap_ppcp_set
                0x00022838        0x4 _build/ble_conn_params.o
 .text.sd_ble_gap_ppcp_get
                0x0002283c        0x4 _build/ble_conn_params.o
 .text.update_timeout_handler
                0x00022840       0x78 _build/ble_conn_params.o
 .text.conn_params_negotiation
                0x000228b8       0x88 _build/ble_conn_params.o
 .text.ble_conn_params_init
                0x00022940       0x78 _build/ble_conn_params.o
                0x00022940                ble_conn_params_init
 .text.ble_conn_params_on_ble_evt
                0x000229b8       0xac _build/ble_conn_params.o
                0x000229b8                ble_conn_params_on_ble_evt
 .text.sd_ble_gatts_service_add
                0x00022a64        0x4 _build/ble_dis.o
 .text.sd_ble_gatts_characteristic_add
                0x00022a68        0x4 _build/ble_dis.o
 .text.char_add
                0x00022a6c       0xd0 _build/ble_dis.o
 .text.ble_dis_init
                0x00022b3c      0x2ec _build/ble_dis.o
                0x00022b3c                ble_dis_init
 .text.sd_ble_gatts_service_add
                0x00022e28        0x4 _build/ble_hrs.o
 .text.sd_ble_gatts_characteristic_add
                0x00022e2c        0x4 _build/ble_hrs.o
 .text.sd_ble_gatts_hvx
                0x00022e30        0x4 _build/ble_hrs.o
 .text.ble_hrs_on_ble_evt
                0x00022e34       0x54 _build/ble_hrs.o
                0x00022e34                ble_hrs_on_ble_evt
 .text.ble_hrs_init
                0x00022e88      0x2d4 _build/ble_hrs.o
                0x00022e88                ble_hrs_init
 .text.ble_hrs_heart_rate_measurement_send
                0x0002315c      0x118 _build/ble_hrs.o
                0x0002315c                ble_hrs_heart_rate_measurement_send
 .text.ble_hrs_rr_interval_add
                0x00023274       0x34 _build/ble_hrs.o
                0x00023274                ble_hrs_rr_interval_add
 .text.ble_hrs_sensor_contact_detected_update
                0x000232a8        0x8 _build/ble_hrs.o
                0x000232a8                ble_hrs_sensor_contact_detected_update
 .text.ble_srv_report_ref_encode
                0x000232b0        0xc _build/ble_srv_common.o
                0x000232b0                ble_srv_report_ref_encode
 .text.ble_srv_ascii_to_utf8
                0x000232bc       0x14 _build/ble_srv_common.o
                0x000232bc                ble_srv_ascii_to_utf8
 .text.sd_ble_gap_sec_params_reply
                0x000232d0        0x4 _build/device_manager_peripheral.o
 .text.sd_ble_gap_sec_info_reply
                0x000232d4        0x4 _build/device_manager_peripheral.o
 .text.sd_ble_gatts_service_changed
                0x000232d8        0x4 _build/device_manager_peripheral.o
 .text.sd_ble_gatts_sys_attr_set
                0x000232dc        0x4 _build/device_manager_peripheral.o
 .text.sd_ble_gatts_sys_attr_get
                0x000232e0        0x4 _build/device_manager_peripheral.o
 .text.storage_operation_dummy_handler
                0x000232e4        0x4 _build/device_manager_peripheral.o
 .text.no_service_context_store
                0x000232e8        0x4 _build/device_manager_peripheral.o
 .text.gattc_context_store
                0x000232ec        0x4 _build/device_manager_peripheral.o
 .text.no_service_context_load
                0x000232f0        0x4 _build/device_manager_peripheral.o
 .text.gattc_context_load
                0x000232f4        0x4 _build/device_manager_peripheral.o
 .text.no_service_context_apply
                0x000232f8        0x4 _build/device_manager_peripheral.o
 .text.gattc_context_apply
                0x000232fc        0x4 _build/device_manager_peripheral.o
 .text.gatts_context_apply
                0x00023300       0xec _build/device_manager_peripheral.o
 .text.gatts_context_store
                0x000233ec       0xd4 _build/device_manager_peripheral.o
 .text.gatts_context_load
                0x000234c0       0x3c _build/device_manager_peripheral.o
 .text.dm_pstorage_cb_handler
                0x000234fc      0x164 _build/device_manager_peripheral.o
 .text.gattsc_context_load
                0x00023660       0x3c _build/device_manager_peripheral.o
 .text.gattsc_context_apply
                0x0002369c       0xe4 _build/device_manager_peripheral.o
 .text.gattsc_context_store
                0x00023780       0xd4 _build/device_manager_peripheral.o
 .text.dm_init  0x00023854      0x14c _build/device_manager_peripheral.o
                0x00023854                dm_init
 .text.dm_register
                0x000239a0       0x7c _build/device_manager_peripheral.o
                0x000239a0                dm_register
 .text.bond_data_load
                0x00023a1c       0x50 _build/device_manager_peripheral.o
                0x00023a1c                bond_data_load
 .text.dm_ble_evt_handler
                0x00023a6c      0x6d0 _build/device_manager_peripheral.o
                0x00023a6c                dm_ble_evt_handler
 .text.SystemInit
                0x0002413c       0x9c _build/system_nrf51.o
                0x0002413c                SystemInit
 .text.sd_nvic_EnableIRQ
                0x000241d8        0x4 _build/softdevice_handler.o
 .text.sd_evt_get
                0x000241dc        0x4 _build/softdevice_handler.o
 .text.sd_softdevice_enable
                0x000241e0        0x4 _build/softdevice_handler.o
 .text.sd_ble_evt_get
                0x000241e4        0x4 _build/softdevice_handler.o
 .text.softdevice_assertion_handler
                0x000241e8        0xc _build/softdevice_handler.o
                0x000241e8                softdevice_assertion_handler
 .text.intern_softdevice_events_execute.part.0
                0x000241f4       0xe0 _build/softdevice_handler.o
 .text.softdevice_handler_init
                0x000242d4       0x4c _build/softdevice_handler.o
                0x000242d4                softdevice_handler_init
 .text.softdevice_ble_evt_handler_set
                0x00024320       0x14 _build/softdevice_handler.o
                0x00024320                softdevice_ble_evt_handler_set
 .text.softdevice_sys_evt_handler_set
                0x00024334       0x14 _build/softdevice_handler.o
                0x00024334                softdevice_sys_evt_handler_set
 .text.SWI2_IRQHandler
                0x00024348       0x34 _build/softdevice_handler.o
                0x00024348                SWI2_IRQHandler
 .text          0x0002437c       0x54 _build/gcc_startup_nrf51.o
                0x0002437c                Reset_Handler
                0x000243c4                NMI_Handler
                0x000243c6                HardFault_Handler
                0x000243c8                SVC_Handler
                0x000243ca                PendSV_Handler
                0x000243cc                SysTick_Handler
                0x000243ce                RTC0_IRQHandler
                0x000243ce                POWER_CLOCK_IRQHandler
                0x000243ce                SPI0_TWI0_IRQHandler
                0x000243ce                LPCOMP_IRQHandler
                0x000243ce                SWI4_IRQHandler
                0x000243ce                TEMP_IRQHandler
                0x000243ce                QDEC_IRQHandler
                0x000243ce                SWI5_IRQHandler
                0x000243ce                TIMER0_IRQHandler
                0x000243ce                RADIO_IRQHandler
                0x000243ce                TIMER1_IRQHandler
                0x000243ce                ECB_IRQHandler
                0x000243ce                Default_Handler
                0x000243ce                ADC_IRQHandler
                0x000243ce                SWI3_IRQHandler
                0x000243ce                CCM_AAR_IRQHandler
                0x000243ce                WDT_IRQHandler
                0x000243ce                TIMER2_IRQHandler
                0x000243ce                RNG_IRQHandler
                0x000243ce                SPI1_TWI1_IRQHandler
                0x000243ce                SWI1_IRQHandler
 .text          0x000243d0      0x120 c:/program files (x86)/gnu tools arm embedded/4.9 2015q1/bin/../lib/gcc/arm-none-eabi/4.9.3/armv6-m\libgcc.a(_udivsi3.o)
                0x000243d0                __aeabi_uidiv
                0x000243d0                __udivsi3
                0x000244dc                __aeabi_uidivmod
 .text          0x000244f0      0x1e0 c:/program files (x86)/gnu tools arm embedded/4.9 2015q1/bin/../lib/gcc/arm-none-eabi/4.9.3/armv6-m\libgcc.a(_divsi3.o)
                0x000244f0                __divsi3
                0x000244f0                __aeabi_idiv
                0x000246bc                __aeabi_idivmod
 .text          0x000246d0        0x4 c:/program files (x86)/gnu tools arm embedded/4.9 2015q1/bin/../lib/gcc/arm-none-eabi/4.9.3/armv6-m\libgcc.a(_dvmd_tls.o)
                0x000246d0                __aeabi_idiv0
                0x000246d0                __aeabi_ldiv0
 .text.memcmp   0x000246d4       0x1e c:/program files (x86)/gnu tools arm embedded/4.9 2015q1/bin/../lib/gcc/arm-none-eabi/4.9.3/../../../../arm-none-eabi/lib/armv6-m\libc_nano.a(lib_a-memcmp.o)
                0x000246d4                memcmp
 .text.memcpy   0x000246f2       0x12 c:/program files (x86)/gnu tools arm embedded/4.9 2015q1/bin/../lib/gcc/arm-none-eabi/4.9.3/../../../../arm-none-eabi/lib/armv6-m\libc_nano.a(lib_a-memcpy.o)
                0x000246f2                memcpy
 .text.memmove  0x00024704       0x28 c:/program files (x86)/gnu tools arm embedded/4.9 2015q1/bin/../lib/gcc/arm-none-eabi/4.9.3/../../../../arm-none-eabi/lib/armv6-m\libc_nano.a(lib_a-memmove.o)
                0x00024704                memmove
 .text.strlen   0x0002472c        0xe c:/program files (x86)/gnu tools arm embedded/4.9 2015q1/bin/../lib/gcc/arm-none-eabi/4.9.3/../../../../arm-none-eabi/lib/armv6-m\libc_nano.a(lib_a-strlen.o)
                0x0002472c                strlen
 *(.init)
 *fill*         0x0002473a        0x2 
 .init          0x0002473c        0x4 c:/program files (x86)/gnu tools arm embedded/4.9 2015q1/bin/../lib/gcc/arm-none-eabi/4.9.3/armv6-m/crti.o
                0x0002473c                _init
 .init          0x00024740        0x8 c:/program files (x86)/gnu tools arm embedded/4.9 2015q1/bin/../lib/gcc/arm-none-eabi/4.9.3/armv6-m/crtn.o
 *(.fini)
 .fini          0x00024748        0x4 c:/program files (x86)/gnu tools arm embedded/4.9 2015q1/bin/../lib/gcc/arm-none-eabi/4.9.3/armv6-m/crti.o
                0x00024748                _fini
 .fini          0x0002474c        0x8 c:/program files (x86)/gnu tools arm embedded/4.9 2015q1/bin/../lib/gcc/arm-none-eabi/4.9.3/armv6-m/crtn.o
 *crtbegin.o(.ctors)
 *crtbegin?.o(.ctors)
 *(EXCLUDE_FILE(*crtend.o *crtend?.o) .ctors)
 *(SORT(.ctors.*))
 *(.ctors)
 *crtbegin.o(.dtors)
 *crtbegin?.o(.dtors)
 *(EXCLUDE_FILE(*crtend.o *crtend?.o) .dtors)
 *(SORT(.dtors.*))
 *(.dtors)
 *(.rodata*)
 .rodata.str1.1
                0x00024754        0x2 c:/program files (x86)/gnu tools arm embedded/4.9 2015q1/bin/../lib/gcc/arm-none-eabi/4.9.3/../../../../arm-none-eabi/lib/armv6-m\libc_nano.a(lib_a-impure.o)
 *fill*         0x00024756        0x2 
 .rodata._global_impure_ptr
                0x00024758        0x4 c:/program files (x86)/gnu tools arm embedded/4.9 2015q1/bin/../lib/gcc/arm-none-eabi/4.9.3/../../../../arm-none-eabi/lib/armv6-m\libc_nano.a(lib_a-impure.o)
                0x00024758                _global_impure_ptr
 .rodata.m_detection_delay_timer_id
                0x0002475c        0x4 _build/app_button.o
 .rodata.swap_sub_state_sm_lut.5962
                0x00024760       0x14 _build/pstorage.o
 .rodata.swap_sub_state_sm_lut.5887
                0x00024774       0x14 _build/pstorage.o
 .rodata.leds_timer_handler
                0x00024788       0x60 _build/bsp.o
 .rodata.bsp_indication_set
                0x000247e8       0x60 _build/bsp.o
 .rodata.m_button_timer_id
                0x00024848        0x4 _build/bsp.o
 .rodata.m_buttons_list
                0x0002484c       0x10 _build/bsp.o
 .rodata.m_leds_timer_id
                0x0002485c        0x4 _build/bsp.o
 .rodata.app_buttons
                0x00024860       0x20 _build/bsp.o
 .rodata.m_alert_timer_id
                0x00024880        0x4 _build/bsp.o
 .rodata.m_heart_rate_timer_id
                0x00024884        0x4 _build/main.o
 .rodata.str1.4
                0x00024888       0x20 _build/main.o
 .rodata.m_battery_timer_id
                0x000248a8        0x4 _build/main.o
 .rodata.m_sensor_contact_timer_id
                0x000248ac        0x4 _build/main.o
 .rodata.m_rr_interval_timer_id
                0x000248b0        0x4 _build/main.o
 .rodata.m_conn_params_timer_id
                0x000248b4        0x4 _build/ble_conn_params.o
 .rodata.dm_ble_evt_handler
                0x000248b8      0x108 _build/device_manager_peripheral.o
 .rodata.m_service_context_store
                0x000249c0       0x10 _build/device_manager_peripheral.o
                0x000249c0                m_service_context_store
 .rodata.m_service_context_load
                0x000249d0       0x10 _build/device_manager_peripheral.o
                0x000249d0                m_service_context_load
 .rodata.m_service_context_apply
                0x000249e0       0x10 _build/device_manager_peripheral.o
                0x000249e0                m_service_context_apply
 .rodata.m_context_init_len
                0x000249f0        0x4 _build/device_manager_peripheral.o
                0x000249f0                m_context_init_len
 *(.eh_frame*)
 .eh_frame      0x000249f4        0x0 c:/program files (x86)/gnu tools arm embedded/4.9 2015q1/bin/../lib/gcc/arm-none-eabi/4.9.3/armv6-m/crtbegin.o
                0x000249f4                . = ALIGN (0x4)

.glue_7         0x000249f4        0x0
 .glue_7        0x00000000        0x0 linker stubs

.glue_7t        0x000249f4        0x0
 .glue_7t       0x00000000        0x0 linker stubs

.vfp11_veneer   0x000249f4        0x0
 .vfp11_veneer  0x00000000        0x0 linker stubs

.v4_bx          0x000249f4        0x0
 .v4_bx         0x00000000        0x0 linker stubs

.iplt           0x000249f4        0x0
 .iplt          0x00000000        0x0 c:/program files (x86)/gnu tools arm embedded/4.9 2015q1/bin/../lib/gcc/arm-none-eabi/4.9.3/armv6-m/crtbegin.o

.ARM.extab      0x000249f4        0x0
 *(.ARM.extab* .gnu.linkonce.armextab.*)
                0x000249f4                . = ALIGN (0x4)
                0x000249f4                __exidx_start = .

.ARM.exidx      0x000249f4        0x8
 *(.ARM.exidx* .gnu.linkonce.armexidx.*)
 .ARM.exidx     0x000249f4        0x8 c:/program files (x86)/gnu tools arm embedded/4.9 2015q1/bin/../lib/gcc/arm-none-eabi/4.9.3/../../../../arm-none-eabi/lib/armv6-m/crt0.o
 .ARM.exidx     0x000249fc        0x0 _build/gcc_startup_nrf51.o
                                  0x8 (size before relaxing)
                0x000249fc                . = ALIGN (0x4)
                0x000249fc                __exidx_end = .
                0x000249fc                __etext = .

.rel.dyn        0x000249fc        0x0
 .rel.iplt      0x00000000        0x0 c:/program files (x86)/gnu tools arm embedded/4.9 2015q1/bin/../lib/gcc/arm-none-eabi/4.9.3/armv6-m/crtbegin.o

.data           0x20002200       0x7c load address 0x000249fc
                0x20002200                __data_start__ = .
 *(vtable)
 *(.data*)
 .data.impure_data
                0x20002200       0x60 c:/program files (x86)/gnu tools arm embedded/4.9 2015q1/bin/../lib/gcc/arm-none-eabi/4.9.3/../../../../arm-none-eabi/lib/armv6-m\libc_nano.a(lib_a-impure.o)
 .data.m_rr_interval_enabled
                0x20002260        0x1 _build/main.o
 *fill*         0x20002261        0x1 
 .data.m_conn_handle
                0x20002262        0x2 _build/main.o
 .data.m_adv_uuids
                0x20002264        0xc _build/main.o
 .data.current_slave_link_conn_handle.7186
                0x20002270        0x2 _build/ble_advertising.o
                0x20002274                . = ALIGN (0x4)
 *fill*         0x20002272        0x2 
                0x20002274                PROVIDE (__preinit_array_start, .)
 *(.preinit_array)
                0x20002274                PROVIDE (__preinit_array_end, .)
                0x20002274                . = ALIGN (0x4)
                0x20002274                PROVIDE (__init_array_start, .)
 *(SORT(.init_array.*))
 *(.init_array)
 .init_array    0x20002274        0x4 c:/program files (x86)/gnu tools arm embedded/4.9 2015q1/bin/../lib/gcc/arm-none-eabi/4.9.3/armv6-m/crtbegin.o
                0x20002278                PROVIDE (__init_array_end, .)
                0x20002278                . = ALIGN (0x4)
                0x20002278                PROVIDE (__fini_array_start, .)
 *(SORT(.fini_array.*))
 *(.fini_array)
 .fini_array    0x20002278        0x4 c:/program files (x86)/gnu tools arm embedded/4.9 2015q1/bin/../lib/gcc/arm-none-eabi/4.9.3/armv6-m/crtbegin.o
                0x2000227c                PROVIDE (__fini_array_end, .)
 *(.jcr)
 .jcr           0x2000227c        0x0 c:/program files (x86)/gnu tools arm embedded/4.9 2015q1/bin/../lib/gcc/arm-none-eabi/4.9.3/armv6-m/crtbegin.o
                0x2000227c                . = ALIGN (0x4)
                0x2000227c                __data_end__ = .

.igot.plt       0x2000227c        0x0 load address 0x00024a78
 .igot.plt      0x00000000        0x0 c:/program files (x86)/gnu tools arm embedded/4.9 2015q1/bin/../lib/gcc/arm-none-eabi/4.9.3/armv6-m/crtbegin.o

.bss            0x2000227c      0x8e0 load address 0x00024a78
                0x2000227c                . = ALIGN (0x4)
                0x2000227c                __bss_start__ = .
 *(.bss*)
 .bss           0x2000227c       0x1c c:/program files (x86)/gnu tools arm embedded/4.9 2015q1/bin/../lib/gcc/arm-none-eabi/4.9.3/armv6-m/crtbegin.o
 .bss.m_detection_delay
                0x20002298        0x4 _build/app_button.o
 .bss.mp_buttons
                0x2000229c        0x4 _build/app_button.o
 .bss.m_button_count
                0x200022a0        0x1 _build/app_button.o
 *fill*         0x200022a1        0x3 
 .bss.m_detection_delay_timer_id_data
                0x200022a4       0x20 _build/app_button.o
 .bss.m_pin_state
                0x200022c4        0x4 _build/app_button.o
 .bss.m_pin_transition
                0x200022c8        0x4 _build/app_button.o
 .bss.m_ticks_latest
                0x200022cc        0x4 _build/app_timer.o
 .bss.mp_timer_id_head
                0x200022d0        0x4 _build/app_timer.o
 .bss.m_evt_schedule_func
                0x200022d4        0x4 _build/app_timer.o
 .bss.m_user_array_size
                0x200022d8        0x1 _build/app_timer.o
 *fill*         0x200022d9        0x3 
 .bss.mp_users  0x200022dc        0x4 _build/app_timer.o
 .bss.m_ticks_elapsed_q_read_ind
                0x200022e0        0x1 _build/app_timer.o
 .bss.m_ticks_elapsed_q_write_ind
                0x200022e1        0x1 _build/app_timer.o
 .bss.m_rtc1_reset
                0x200022e2        0x1 _build/app_timer.o
 *fill*         0x200022e3        0x1 
 .bss.m_ticks_elapsed
                0x200022e4        0x8 _build/app_timer.o
 .bss.m_rtc1_running
                0x200022ec        0x1 _build/app_timer.o
 *fill*         0x200022ed        0x3 
 .bss.m_cb      0x200022f0       0x48 _build/nrf_drv_gpiote.o
 .bss.m_cb      0x20002338       0x18 _build/nrf_drv_uart.o
 .bss.m_cmd_queue
                0x20002350       0xcc _build/pstorage.o
 .bss.m_num_of_bytes_written
                0x2000241c        0x4 _build/pstorage.o
 .bss.m_tail_word_size
                0x20002420        0x4 _build/pstorage.o
 .bss.m_app_table
                0x20002424        0xc _build/pstorage.o
 .bss.m_next_app_instance
                0x20002430        0x2 _build/pstorage.o
 *fill*         0x20002432        0x2 
 .bss.m_next_page_addr
                0x20002434        0x4 _build/pstorage.o
 .bss.m_flags   0x20002438        0x4 _build/pstorage.o
 .bss.m_swap_sub_state
                0x2000243c        0x1 _build/pstorage.o
 .bss.m_state   0x2000243d        0x1 _build/pstorage.o
 *fill*         0x2000243e        0x2 
 .bss.m_app_data_size
                0x20002440        0x4 _build/pstorage.o
 .bss.m_num_of_command_retries
                0x20002444        0x4 _build/pstorage.o
 .bss.m_head_word_size
                0x20002448        0x4 _build/pstorage.o
 .bss.m_current_page_id
                0x2000244c        0x4 _build/pstorage.o
 .bss.m_leds_timer_id_data
                0x20002450       0x20 _build/bsp.o
 .bss.m_alert_mask
                0x20002470        0x4 _build/bsp.o
 .bss.release_event_at_push.5976
                0x20002474        0x4 _build/bsp.o
 .bss.m_indication_type
                0x20002478        0x4 _build/bsp.o
 .bss.m_app_ticks_per_100ms
                0x2000247c        0x4 _build/bsp.o
 .bss.m_registered_callback
                0x20002480        0x4 _build/bsp.o
 .bss.m_button_timer_id_data
                0x20002484       0x20 _build/bsp.o
 .bss.m_stable_state
                0x200024a4        0x1 _build/bsp.o
 *fill*         0x200024a5        0x3 
 .bss.m_alert_timer_id_data
                0x200024a8       0x20 _build/bsp.o
 .bss.current_long_push_pin_no.5975
                0x200024c8        0x1 _build/bsp.o
 *fill*         0x200024c9        0x3 
 .bss.m_events_list
                0x200024cc        0xc _build/bsp.o
 .bss.m_error_handler
                0x200024d8        0x4 _build/bsp_btn_ble.o
 .bss.m_num_connections
                0x200024dc        0x4 _build/bsp_btn_ble.o
 .bss.m_sensor_contact_timer_id_data
                0x200024e0       0x20 _build/main.o
 .bss.APP_TIMER_BUF.8435
                0x20002500      0x1c8 _build/main.o
 .bss.BLE_EVT_BUFFER.8522
                0x200026c8       0x48 _build/main.o
 .bss.m_rr_interval_sim_state
                0x20002710        0x8 _build/main.o
 .bss.m_bas     0x20002718       0x18 _build/main.o
 .bss.m_battery_timer_id_data
                0x20002730       0x20 _build/main.o
 .bss.m_heart_rate_sim_state
                0x20002750        0x8 _build/main.o
 .bss.m_heart_rate_sim_cfg
                0x20002758       0x10 _build/main.o
 .bss.m_battery_sim_state
                0x20002768        0x8 _build/main.o
 .bss.m_hrs     0x20002770       0x50 _build/main.o
 .bss.m_rr_interval_sim_cfg
                0x200027c0       0x10 _build/main.o
 .bss.m_battery_sim_cfg
                0x200027d0       0x10 _build/main.o
 .bss.m_rr_interval_timer_id_data
                0x200027e0       0x20 _build/main.o
 .bss.cnt.8420  0x20002800        0x4 _build/main.o
 .bss.m_app_handle
                0x20002804        0x1 _build/main.o
 *fill*         0x20002805        0x3 
 .bss.m_heart_rate_timer_id_data
                0x20002808       0x20 _build/main.o
 .bss.sensor_contact_detected.8430
                0x20002828        0x1 _build/main.o
 *fill*         0x20002829        0x3 
 .bss.m_advdata
                0x2000282c       0x38 _build/ble_advertising.o
 .bss.m_manuf_specific_data
                0x20002864        0xc _build/ble_advertising.o
 .bss.m_evt_handler
                0x20002870        0x4 _build/ble_advertising.o
 .bss.m_manuf_data_array
                0x20002874       0x20 _build/ble_advertising.o
 .bss.m_whitelist_temporarily_disabled
                0x20002894        0x1 _build/ble_advertising.o
 *fill*         0x20002895        0x3 
 .bss.m_error_handler
                0x20002898        0x4 _build/ble_advertising.o
 .bss.m_peer_address
                0x2000289c        0x8 _build/ble_advertising.o
 .bss.m_adv_modes_config
                0x200028a4       0x24 _build/ble_advertising.o
 .bss.mp_whitelist_addr
                0x200028c8       0x20 _build/ble_advertising.o
 .bss.m_tx_power_level
                0x200028e8        0x1 _build/ble_advertising.o
 *fill*         0x200028e9        0x3 
 .bss.m_whitelist
                0x200028ec       0x10 _build/ble_advertising.o
 .bss.m_service_data_array
                0x200028fc       0x20 _build/ble_advertising.o
 .bss.m_peer_addr_reply_expected
                0x2000291c        0x1 _build/ble_advertising.o
 .bss.m_whitelist_reply_expected
                0x2000291d        0x1 _build/ble_advertising.o
 *fill*         0x2000291e        0x2 
 .bss.mp_whitelist_irk
                0x20002920       0x20 _build/ble_advertising.o
 .bss.m_adv_mode_current
                0x20002940        0x1 _build/ble_advertising.o
 .bss.m_advertising_start_pending
                0x20002941        0x1 _build/ble_advertising.o
 *fill*         0x20002942        0x2 
 .bss.m_slave_conn_int
                0x20002944        0x4 _build/ble_advertising.o
 .bss.m_service_data
                0x20002948        0xc _build/ble_advertising.o
 .bss.m_adv_evt
                0x20002954        0x1 _build/ble_advertising.o
 .bss.m_change_param
                0x20002955        0x1 _build/ble_conn_params.o
 *fill*         0x20002956        0x2 
 .bss.m_current_conn_params
                0x20002958        0x8 _build/ble_conn_params.o
 .bss.m_update_count
                0x20002960        0x1 _build/ble_conn_params.o
 *fill*         0x20002961        0x3 
 .bss.m_conn_params_config
                0x20002964       0x1c _build/ble_conn_params.o
 .bss.m_conn_params_timer_id_data
                0x20002980       0x20 _build/ble_conn_params.o
 .bss.m_conn_handle
                0x200029a0        0x2 _build/ble_conn_params.o
 *fill*         0x200029a2        0x2 
 .bss.m_preferred_conn_params
                0x200029a4        0x8 _build/ble_conn_params.o
 .bss.sw_rev_handles
                0x200029ac        0x8 _build/ble_dis.o
 .bss.model_num_handles
                0x200029b4        0x8 _build/ble_dis.o
 .bss.sys_id_handles
                0x200029bc        0x8 _build/ble_dis.o
 .bss.manufact_name_handles
                0x200029c4        0x8 _build/ble_dis.o
 .bss.reg_cert_data_list_handles
                0x200029cc        0x8 _build/ble_dis.o
 .bss.pnp_id_handles
                0x200029d4        0x8 _build/ble_dis.o
 .bss.hw_rev_handles
                0x200029dc        0x8 _build/ble_dis.o
 .bss.serial_num_handles
                0x200029e4        0x8 _build/ble_dis.o
 .bss.fw_rev_handles
                0x200029ec        0x8 _build/ble_dis.o
 .bss.service_handle
                0x200029f4        0x2 _build/ble_dis.o
 *fill*         0x200029f6        0x2 
 .bss.m_app_context_table
                0x200029f8       0x1c _build/device_manager_peripheral.o
 .bss.m_irk_index_table
                0x20002a14        0x8 _build/device_manager_peripheral.o
 .bss.m_module_initialized
                0x20002a1c        0x1 _build/device_manager_peripheral.o
 *fill*         0x20002a1d        0x3 
 .bss.m_connection_table
                0x20002a20        0xc _build/device_manager_peripheral.o
 .bss.m_peer_table
                0x20002a2c       0xc4 _build/device_manager_peripheral.o
 .bss.m_storage_handle
                0x20002af0        0x8 _build/device_manager_peripheral.o
 .bss.m_bond_table
                0x20002af8       0x1c _build/device_manager_peripheral.o
 .bss.m_gatts_table
                0x20002b14       0x24 _build/device_manager_peripheral.o
 .bss.m_peer_addr_update
                0x20002b38        0x4 _build/device_manager_peripheral.o
 .bss.m_application_table
                0x20002b3c        0xc _build/device_manager_peripheral.o
 .bss.m_softdevice_enabled
                0x20002b48        0x1 _build/softdevice_handler.o
 *fill*         0x20002b49        0x1 
 .bss.m_ble_evt_buffer_size
                0x20002b4a        0x2 _build/softdevice_handler.o
 .bss.mp_ble_evt_buffer
                0x20002b4c        0x4 _build/softdevice_handler.o
 .bss.m_sys_evt_handler
                0x20002b50        0x4 _build/softdevice_handler.o
 .bss.m_ble_evt_handler
                0x20002b54        0x4 _build/softdevice_handler.o
 .bss.m_evt_schedule_func
                0x20002b58        0x4 _build/softdevice_handler.o
 *(COMMON)
                0x20002b5c                . = ALIGN (0x4)
                0x20002b5c                __bss_end__ = .

.heap           0x20002b60      0x800
                0x20002b60                __end__ = .
                0x20002b60                end = __end__
 *(.heap*)
 .heap          0x20002b60      0x800 _build/gcc_startup_nrf51.o
                0x20002b60                __HeapBase
                0x20003360                __HeapLimit = .

.stack_dummy    0x20002b60      0x800
 *(.stack*)
 .stack         0x20002b60      0x800 _build/gcc_startup_nrf51.o
                0x20008000                __StackTop = (ORIGIN (RAM) + 0x5e00)
                0x20007800                __StackLimit = (__StackTop - SIZEOF (.stack_dummy))
                0x20008000                PROVIDE (__stack, __StackTop)
                0x00000001                ASSERT ((__StackLimit >= __HeapLimit), region RAM overflowed with stack)
OUTPUT(_build/nrf51422_xxac_s310.out elf32-littlearm)

.ARM.attributes
                0x00000000       0x28
 .ARM.attributes
                0x00000000       0x1e c:/program files (x86)/gnu tools arm embedded/4.9 2015q1/bin/../lib/gcc/arm-none-eabi/4.9.3/armv6-m/crti.o
 .ARM.attributes
                0x0000001e       0x2c c:/program files (x86)/gnu tools arm embedded/4.9 2015q1/bin/../lib/gcc/arm-none-eabi/4.9.3/armv6-m/crtbegin.o
 .ARM.attributes
                0x0000004a       0x1b c:/program files (x86)/gnu tools arm embedded/4.9 2015q1/bin/../lib/gcc/arm-none-eabi/4.9.3/../../../../arm-none-eabi/lib/armv6-m/crt0.o
 .ARM.attributes
                0x00000065       0x2c c:/program files (x86)/gnu tools arm embedded/4.9 2015q1/bin/../lib/gcc/arm-none-eabi/4.9.3/../../../../arm-none-eabi/lib/armv6-m\libc_nano.a(lib_a-exit.o)
 .ARM.attributes
                0x00000091       0x2c c:/program files (x86)/gnu tools arm embedded/4.9 2015q1/bin/../lib/gcc/arm-none-eabi/4.9.3/../../../../arm-none-eabi/lib/armv6-m\libc_nano.a(lib_a-impure.o)
 .ARM.attributes
                0x000000bd       0x2c c:/program files (x86)/gnu tools arm embedded/4.9 2015q1/bin/../lib/gcc/arm-none-eabi/4.9.3/../../../../arm-none-eabi/lib/armv6-m\libc_nano.a(lib_a-init.o)
 .ARM.attributes
                0x000000e9       0x2c c:/program files (x86)/gnu tools arm embedded/4.9 2015q1/bin/../lib/gcc/arm-none-eabi/4.9.3/../../../../arm-none-eabi/lib/armv6-m\libc_nano.a(lib_a-memset.o)
 .ARM.attributes
                0x00000115       0x2c c:/program files (x86)/gnu tools arm embedded/4.9 2015q1/bin/../lib/gcc/arm-none-eabi/4.9.3/../../../../arm-none-eabi/lib/armv6-m\libnosys.a(_exit.o)
 .ARM.attributes
                0x00000141       0x31 _build/app_button.o
 .ARM.attributes
                0x00000172       0x31 _build/app_error.o
 .ARM.attributes
                0x000001a3       0x31 _build/app_timer.o
 .ARM.attributes
                0x000001d4       0x31 _build/sensorsim.o
 .ARM.attributes
                0x00000205       0x31 _build/nrf_drv_common.o
 .ARM.attributes
                0x00000236       0x31 _build/nrf_drv_gpiote.o
 .ARM.attributes
                0x00000267       0x31 _build/nrf_drv_uart.o
 .ARM.attributes
                0x00000298       0x31 _build/pstorage.o
 .ARM.attributes
                0x000002c9       0x31 _build/bsp.o
 .ARM.attributes
                0x000002fa       0x31 _build/bsp_btn_ble.o
 .ARM.attributes
                0x0000032b       0x31 _build/main.o
 .ARM.attributes
                0x0000035c       0x31 _build/ble_advdata.o
 .ARM.attributes
                0x0000038d       0x31 _build/ble_advertising.o
 .ARM.attributes
                0x000003be       0x31 _build/ble_bas.o
 .ARM.attributes
                0x000003ef       0x31 _build/ble_conn_params.o
 .ARM.attributes
                0x00000420       0x31 _build/ble_dis.o
 .ARM.attributes
                0x00000451       0x31 _build/ble_hrs.o
 .ARM.attributes
                0x00000482       0x31 _build/ble_srv_common.o
 .ARM.attributes
                0x000004b3       0x31 _build/device_manager_peripheral.o
 .ARM.attributes
                0x000004e4       0x31 _build/system_nrf51.o
 .ARM.attributes
                0x00000515       0x31 _build/softdevice_handler.o
 .ARM.attributes
                0x00000546       0x1b _build/gcc_startup_nrf51.o
 .ARM.attributes
                0x00000561       0x1e c:/program files (x86)/gnu tools arm embedded/4.9 2015q1/bin/../lib/gcc/arm-none-eabi/4.9.3/armv6-m\libgcc.a(_udivsi3.o)
 .ARM.attributes
                0x0000057f       0x1e c:/program files (x86)/gnu tools arm embedded/4.9 2015q1/bin/../lib/gcc/arm-none-eabi/4.9.3/armv6-m\libgcc.a(_divsi3.o)
 .ARM.attributes
                0x0000059d       0x1e c:/program files (x86)/gnu tools arm embedded/4.9 2015q1/bin/../lib/gcc/arm-none-eabi/4.9.3/armv6-m\libgcc.a(_dvmd_tls.o)
 .ARM.attributes
                0x000005bb       0x2c c:/program files (x86)/gnu tools arm embedded/4.9 2015q1/bin/../lib/gcc/arm-none-eabi/4.9.3/../../../../arm-none-eabi/lib/armv6-m\libc_nano.a(lib_a-memcmp.o)
 .ARM.attributes
                0x000005e7       0x2c c:/program files (x86)/gnu tools arm embedded/4.9 2015q1/bin/../lib/gcc/arm-none-eabi/4.9.3/../../../../arm-none-eabi/lib/armv6-m\libc_nano.a(lib_a-memcpy.o)
 .ARM.attributes
                0x00000613       0x2c c:/program files (x86)/gnu tools arm embedded/4.9 2015q1/bin/../lib/gcc/arm-none-eabi/4.9.3/../../../../arm-none-eabi/lib/armv6-m\libc_nano.a(lib_a-memmove.o)
 .ARM.attributes
                0x0000063f       0x2c c:/program files (x86)/gnu tools arm embedded/4.9 2015q1/bin/../lib/gcc/arm-none-eabi/4.9.3/../../../../arm-none-eabi/lib/armv6-m\libc_nano.a(lib_a-strlen.o)
 .ARM.attributes
                0x0000066b       0x1e c:/program files (x86)/gnu tools arm embedded/4.9 2015q1/bin/../lib/gcc/arm-none-eabi/4.9.3/armv6-m/crtn.o

.comment        0x00000000       0x70
 .comment       0x00000000       0x70 _build/app_button.o
                                 0x71 (size before relaxing)
 .comment       0x00000000       0x71 _build/app_error.o
 .comment       0x00000000       0x71 _build/app_timer.o
 .comment       0x00000000       0x71 _build/sensorsim.o
 .comment       0x00000000       0x71 _build/nrf_drv_common.o
 .comment       0x00000000       0x71 _build/nrf_drv_gpiote.o
 .comment       0x00000000       0x71 _build/nrf_drv_uart.o
 .comment       0x00000000       0x71 _build/pstorage.o
 .comment       0x00000000       0x71 _build/bsp.o
 .comment       0x00000000       0x71 _build/bsp_btn_ble.o
 .comment       0x00000000       0x71 _build/main.o
 .comment       0x00000000       0x71 _build/ble_advdata.o
 .comment       0x00000000       0x71 _build/ble_advertising.o
 .comment       0x00000000       0x71 _build/ble_bas.o
 .comment       0x00000000       0x71 _build/ble_conn_params.o
 .comment       0x00000000       0x71 _build/ble_dis.o
 .comment       0x00000000       0x71 _build/ble_hrs.o
 .comment       0x00000000       0x71 _build/ble_srv_common.o
 .comment       0x00000000       0x71 _build/device_manager_peripheral.o
 .comment       0x00000000       0x71 _build/system_nrf51.o
 .comment       0x00000000       0x71 _build/softdevice_handler.o

.debug_frame    0x00000000      0x170
 .debug_frame   0x00000000       0x28 c:/program files (x86)/gnu tools arm embedded/4.9 2015q1/bin/../lib/gcc/arm-none-eabi/4.9.3/../../../../arm-none-eabi/lib/armv6-m\libc_nano.a(lib_a-exit.o)
 .debug_frame   0x00000028       0x2c c:/program files (x86)/gnu tools arm embedded/4.9 2015q1/bin/../lib/gcc/arm-none-eabi/4.9.3/../../../../arm-none-eabi/lib/armv6-m\libc_nano.a(lib_a-init.o)
 .debug_frame   0x00000054       0x20 c:/program files (x86)/gnu tools arm embedded/4.9 2015q1/bin/../lib/gcc/arm-none-eabi/4.9.3/../../../../arm-none-eabi/lib/armv6-m\libc_nano.a(lib_a-memset.o)
 .debug_frame   0x00000074       0x20 c:/program files (x86)/gnu tools arm embedded/4.9 2015q1/bin/../lib/gcc/arm-none-eabi/4.9.3/../../../../arm-none-eabi/lib/armv6-m\libnosys.a(_exit.o)
 .debug_frame   0x00000094       0x20 c:/program files (x86)/gnu tools arm embedded/4.9 2015q1/bin/../lib/gcc/arm-none-eabi/4.9.3/armv6-m\libgcc.a(_udivsi3.o)
 .debug_frame   0x000000b4       0x20 c:/program files (x86)/gnu tools arm embedded/4.9 2015q1/bin/../lib/gcc/arm-none-eabi/4.9.3/armv6-m\libgcc.a(_divsi3.o)
 .debug_frame   0x000000d4       0x2c c:/program files (x86)/gnu tools arm embedded/4.9 2015q1/bin/../lib/gcc/arm-none-eabi/4.9.3/../../../../arm-none-eabi/lib/armv6-m\libc_nano.a(lib_a-memcmp.o)
 .debug_frame   0x00000100       0x28 c:/program files (x86)/gnu tools arm embedded/4.9 2015q1/bin/../lib/gcc/arm-none-eabi/4.9.3/../../../../arm-none-eabi/lib/armv6-m\libc_nano.a(lib_a-memcpy.o)
 .debug_frame   0x00000128       0x28 c:/program files (x86)/gnu tools arm embedded/4.9 2015q1/bin/../lib/gcc/arm-none-eabi/4.9.3/../../../../arm-none-eabi/lib/armv6-m\libc_nano.a(lib_a-memmove.o)
 .debug_frame   0x00000150       0x20 c:/program files (x86)/gnu tools arm embedded/4.9 2015q1/bin/../lib/gcc/arm-none-eabi/4.9.3/../../../../arm-none-eabi/lib/armv6-m\libc_nano.a(lib_a-strlen.o)
