Archive member included because of file (symbol)

c:/program files (x86)/gnu tools arm embedded/4.9 2015q1/bin/../lib/gcc/arm-none-eabi/4.9.3/../../../../arm-none-eabi/lib/armv6-m\libc_nano.a(lib_a-exit.o)
                              c:/program files (x86)/gnu tools arm embedded/4.9 2015q1/bin/../lib/gcc/arm-none-eabi/4.9.3/../../../../arm-none-eabi/lib/armv6-m/crt0.o (exit)
c:/program files (x86)/gnu tools arm embedded/4.9 2015q1/bin/../lib/gcc/arm-none-eabi/4.9.3/../../../../arm-none-eabi/lib/armv6-m\libc_nano.a(lib_a-impure.o)
                              c:/program files (x86)/gnu tools arm embedded/4.9 2015q1/bin/../lib/gcc/arm-none-eabi/4.9.3/../../../../arm-none-eabi/lib/armv6-m\libc_nano.a(lib_a-exit.o) (_global_impure_ptr)
c:/program files (x86)/gnu tools arm embedded/4.9 2015q1/bin/../lib/gcc/arm-none-eabi/4.9.3/../../../../arm-none-eabi/lib/armv6-m\libc_nano.a(lib_a-init.o)
                              c:/program files (x86)/gnu tools arm embedded/4.9 2015q1/bin/../lib/gcc/arm-none-eabi/4.9.3/../../../../arm-none-eabi/lib/armv6-m/crt0.o (__libc_init_array)
c:/program files (x86)/gnu tools arm embedded/4.9 2015q1/bin/../lib/gcc/arm-none-eabi/4.9.3/../../../../arm-none-eabi/lib/armv6-m\libc_nano.a(lib_a-memset.o)
                              c:/program files (x86)/gnu tools arm embedded/4.9 2015q1/bin/../lib/gcc/arm-none-eabi/4.9.3/../../../../arm-none-eabi/lib/armv6-m/crt0.o (memset)
c:/program files (x86)/gnu tools arm embedded/4.9 2015q1/bin/../lib/gcc/arm-none-eabi/4.9.3/../../../../arm-none-eabi/lib/armv6-m\libnosys.a(_exit.o)
                              c:/program files (x86)/gnu tools arm embedded/4.9 2015q1/bin/../lib/gcc/arm-none-eabi/4.9.3/../../../../arm-none-eabi/lib/armv6-m\libc_nano.a(lib_a-exit.o) (_exit)
c:/program files (x86)/gnu tools arm embedded/4.9 2015q1/bin/../lib/gcc/arm-none-eabi/4.9.3/armv6-m\libgcc.a(_udivsi3.o)
                              _build/pstorage.o (__aeabi_uidiv)
c:/program files (x86)/gnu tools arm embedded/4.9 2015q1/bin/../lib/gcc/arm-none-eabi/4.9.3/armv6-m\libgcc.a(_divsi3.o)
                              _build/pstorage.o (__aeabi_idiv)
c:/program files (x86)/gnu tools arm embedded/4.9 2015q1/bin/../lib/gcc/arm-none-eabi/4.9.3/armv6-m\libgcc.a(_dvmd_tls.o)
                              c:/program files (x86)/gnu tools arm embedded/4.9 2015q1/bin/../lib/gcc/arm-none-eabi/4.9.3/armv6-m\libgcc.a(_udivsi3.o) (__aeabi_idiv0)
c:/program files (x86)/gnu tools arm embedded/4.9 2015q1/bin/../lib/gcc/arm-none-eabi/4.9.3/../../../../arm-none-eabi/lib/armv6-m\libc_nano.a(lib_a-memcmp.o)
                              _build/device_manager_peripheral.o (memcmp)
c:/program files (x86)/gnu tools arm embedded/4.9 2015q1/bin/../lib/gcc/arm-none-eabi/4.9.3/../../../../arm-none-eabi/lib/armv6-m\libc_nano.a(lib_a-memcpy.o)
                              _build/pstorage.o (memcpy)
c:/program files (x86)/gnu tools arm embedded/4.9 2015q1/bin/../lib/gcc/arm-none-eabi/4.9.3/../../../../arm-none-eabi/lib/armv6-m\libc_nano.a(lib_a-memmove.o)
                              _build/ble_hrs.o (memmove)
c:/program files (x86)/gnu tools arm embedded/4.9 2015q1/bin/../lib/gcc/arm-none-eabi/4.9.3/../../../../arm-none-eabi/lib/armv6-m\libc_nano.a(lib_a-strlen.o)
                              _build/main.o (strlen)

Allocating common symbols
Common symbol       size              file

__stdin             0x68              _build/retarget.o
__stdout            0x68              _build/retarget.o

Discarded input sections

 .text          0x00000000        0x0 c:/program files (x86)/gnu tools arm embedded/4.9 2015q1/bin/../lib/gcc/arm-none-eabi/4.9.3/armv6-m/crti.o
 .data          0x00000000        0x0 c:/program files (x86)/gnu tools arm embedded/4.9 2015q1/bin/../lib/gcc/arm-none-eabi/4.9.3/armv6-m/crti.o
 .bss           0x00000000        0x0 c:/program files (x86)/gnu tools arm embedded/4.9 2015q1/bin/../lib/gcc/arm-none-eabi/4.9.3/armv6-m/crti.o
 .data          0x00000000        0x4 c:/program files (x86)/gnu tools arm embedded/4.9 2015q1/bin/../lib/gcc/arm-none-eabi/4.9.3/armv6-m/crtbegin.o
 .data          0x00000000        0x0 c:/program files (x86)/gnu tools arm embedded/4.9 2015q1/bin/../lib/gcc/arm-none-eabi/4.9.3/../../../../arm-none-eabi/lib/armv6-m/crt0.o
 .bss           0x00000000        0x0 c:/program files (x86)/gnu tools arm embedded/4.9 2015q1/bin/../lib/gcc/arm-none-eabi/4.9.3/../../../../arm-none-eabi/lib/armv6-m/crt0.o
 .ARM.extab     0x00000000        0x0 c:/program files (x86)/gnu tools arm embedded/4.9 2015q1/bin/../lib/gcc/arm-none-eabi/4.9.3/../../../../arm-none-eabi/lib/armv6-m/crt0.o
 .text          0x00000000        0x0 c:/program files (x86)/gnu tools arm embedded/4.9 2015q1/bin/../lib/gcc/arm-none-eabi/4.9.3/../../../../arm-none-eabi/lib/armv6-m\libc_nano.a(lib_a-exit.o)
 .data          0x00000000        0x0 c:/program files (x86)/gnu tools arm embedded/4.9 2015q1/bin/../lib/gcc/arm-none-eabi/4.9.3/../../../../arm-none-eabi/lib/armv6-m\libc_nano.a(lib_a-exit.o)
 .bss           0x00000000        0x0 c:/program files (x86)/gnu tools arm embedded/4.9 2015q1/bin/../lib/gcc/arm-none-eabi/4.9.3/../../../../arm-none-eabi/lib/armv6-m\libc_nano.a(lib_a-exit.o)
 .text          0x00000000        0x0 c:/program files (x86)/gnu tools arm embedded/4.9 2015q1/bin/../lib/gcc/arm-none-eabi/4.9.3/../../../../arm-none-eabi/lib/armv6-m\libc_nano.a(lib_a-impure.o)
 .data          0x00000000        0x0 c:/program files (x86)/gnu tools arm embedded/4.9 2015q1/bin/../lib/gcc/arm-none-eabi/4.9.3/../../../../arm-none-eabi/lib/armv6-m\libc_nano.a(lib_a-impure.o)
 .bss           0x00000000        0x0 c:/program files (x86)/gnu tools arm embedded/4.9 2015q1/bin/../lib/gcc/arm-none-eabi/4.9.3/../../../../arm-none-eabi/lib/armv6-m\libc_nano.a(lib_a-impure.o)
 .data._impure_ptr
                0x00000000        0x4 c:/program files (x86)/gnu tools arm embedded/4.9 2015q1/bin/../lib/gcc/arm-none-eabi/4.9.3/../../../../arm-none-eabi/lib/armv6-m\libc_nano.a(lib_a-impure.o)
 .text          0x00000000        0x0 c:/program files (x86)/gnu tools arm embedded/4.9 2015q1/bin/../lib/gcc/arm-none-eabi/4.9.3/../../../../arm-none-eabi/lib/armv6-m\libc_nano.a(lib_a-init.o)
 .data          0x00000000        0x0 c:/program files (x86)/gnu tools arm embedded/4.9 2015q1/bin/../lib/gcc/arm-none-eabi/4.9.3/../../../../arm-none-eabi/lib/armv6-m\libc_nano.a(lib_a-init.o)
 .bss           0x00000000        0x0 c:/program files (x86)/gnu tools arm embedded/4.9 2015q1/bin/../lib/gcc/arm-none-eabi/4.9.3/../../../../arm-none-eabi/lib/armv6-m\libc_nano.a(lib_a-init.o)
 .text          0x00000000        0x0 c:/program files (x86)/gnu tools arm embedded/4.9 2015q1/bin/../lib/gcc/arm-none-eabi/4.9.3/../../../../arm-none-eabi/lib/armv6-m\libc_nano.a(lib_a-memset.o)
 .data          0x00000000        0x0 c:/program files (x86)/gnu tools arm embedded/4.9 2015q1/bin/../lib/gcc/arm-none-eabi/4.9.3/../../../../arm-none-eabi/lib/armv6-m\libc_nano.a(lib_a-memset.o)
 .bss           0x00000000        0x0 c:/program files (x86)/gnu tools arm embedded/4.9 2015q1/bin/../lib/gcc/arm-none-eabi/4.9.3/../../../../arm-none-eabi/lib/armv6-m\libc_nano.a(lib_a-memset.o)
 .text          0x00000000        0x0 c:/program files (x86)/gnu tools arm embedded/4.9 2015q1/bin/../lib/gcc/arm-none-eabi/4.9.3/../../../../arm-none-eabi/lib/armv6-m\libnosys.a(_exit.o)
 .data          0x00000000        0x0 c:/program files (x86)/gnu tools arm embedded/4.9 2015q1/bin/../lib/gcc/arm-none-eabi/4.9.3/../../../../arm-none-eabi/lib/armv6-m\libnosys.a(_exit.o)
 .bss           0x00000000        0x0 c:/program files (x86)/gnu tools arm embedded/4.9 2015q1/bin/../lib/gcc/arm-none-eabi/4.9.3/../../../../arm-none-eabi/lib/armv6-m\libnosys.a(_exit.o)
 .text          0x00000000        0x0 _build/app_button.o
 .data          0x00000000        0x0 _build/app_button.o
 .bss           0x00000000        0x0 _build/app_button.o
 .text.app_button_disable
                0x00000000       0x34 _build/app_button.o
 .text.app_button_is_pushed
                0x00000000       0x2c _build/app_button.o
 .text          0x00000000        0x0 _build/app_error.o
 .data          0x00000000        0x0 _build/app_error.o
 .bss           0x00000000        0x0 _build/app_error.o
 .text          0x00000000        0x0 _build/app_timer.o
 .data          0x00000000        0x0 _build/app_timer.o
 .bss           0x00000000        0x0 _build/app_timer.o
 .text.app_timer_stop_all
                0x00000000       0xbc _build/app_timer.o
 .text.app_timer_cnt_get
                0x00000000       0x14 _build/app_timer.o
 .text.app_timer_cnt_diff_compute
                0x00000000        0xc _build/app_timer.o
 .text          0x00000000        0x0 _build/app_trace.o
 .data          0x00000000        0x0 _build/app_trace.o
 .bss           0x00000000        0x0 _build/app_trace.o
 .comment       0x00000000       0x71 _build/app_trace.o
 .ARM.attributes
                0x00000000       0x31 _build/app_trace.o
 .text          0x00000000        0x0 _build/nrf_assert.o
 .data          0x00000000        0x0 _build/nrf_assert.o
 .bss           0x00000000        0x0 _build/nrf_assert.o
 .comment       0x00000000       0x71 _build/nrf_assert.o
 .ARM.attributes
                0x00000000       0x31 _build/nrf_assert.o
 .text          0x00000000        0x0 _build/retarget.o
 .data          0x00000000        0x0 _build/retarget.o
 .bss           0x00000000        0x0 _build/retarget.o
 .text._write   0x00000000       0x1c _build/retarget.o
 .text._read    0x00000000       0x14 _build/retarget.o
 .comment       0x00000000       0x71 _build/retarget.o
 .ARM.attributes
                0x00000000       0x31 _build/retarget.o
 COMMON         0x00000000       0xd0 _build/retarget.o
 .text          0x00000000        0x0 _build/sensorsim.o
 .data          0x00000000        0x0 _build/sensorsim.o
 .bss           0x00000000        0x0 _build/sensorsim.o
 .text.sensorsim_init
                0x00000000       0x18 _build/sensorsim.o
 .text.sensorsim_measure
                0x00000000       0x40 _build/sensorsim.o
 .text.sensorsim_increment
                0x00000000       0x1c _build/sensorsim.o
 .text.sensorsim_decrement
                0x00000000       0x1c _build/sensorsim.o
 .comment       0x00000000       0x71 _build/sensorsim.o
 .ARM.attributes
                0x00000000       0x31 _build/sensorsim.o
 .text          0x00000000        0x0 _build/app_uart.o
 .data          0x00000000        0x0 _build/app_uart.o
 .bss           0x00000000        0x0 _build/app_uart.o
 .text.uart_event_handler
                0x00000000       0x70 _build/app_uart.o
 .text.app_uart_init
                0x00000000       0x8c _build/app_uart.o
 .text.app_uart_get
                0x00000000       0x20 _build/app_uart.o
 .text.app_uart_put
                0x00000000       0x28 _build/app_uart.o
 .text.app_uart_flush
                0x00000000        0x4 _build/app_uart.o
 .text.app_uart_close
                0x00000000        0xc _build/app_uart.o
 .rodata        0x00000000       0x20 _build/app_uart.o
 .bss.tx_buffer
                0x00000000        0x4 _build/app_uart.o
 .bss.m_event_handler
                0x00000000        0x4 _build/app_uart.o
 .bss.rx_buffer
                0x00000000        0x4 _build/app_uart.o
 .bss.rx_done   0x00000000        0x1 _build/app_uart.o
 .comment       0x00000000       0x71 _build/app_uart.o
 .ARM.attributes
                0x00000000       0x31 _build/app_uart.o
 .text          0x00000000        0x0 _build/nrf_delay.o
 .data          0x00000000        0x0 _build/nrf_delay.o
 .bss           0x00000000        0x0 _build/nrf_delay.o
 .text.nrf_delay_ms
                0x00000000       0x3c _build/nrf_delay.o
 .comment       0x00000000       0x71 _build/nrf_delay.o
 .ARM.attributes
                0x00000000       0x31 _build/nrf_delay.o
 .text          0x00000000        0x0 _build/nrf_drv_common.o
 .data          0x00000000        0x0 _build/nrf_drv_common.o
 .bss           0x00000000        0x0 _build/nrf_drv_common.o
 .text          0x00000000        0x0 _build/nrf_drv_gpiote.o
 .data          0x00000000        0x0 _build/nrf_drv_gpiote.o
 .bss           0x00000000        0x0 _build/nrf_drv_gpiote.o
 .text.nrf_drv_gpiote_uninit
                0x00000000       0xec _build/nrf_drv_gpiote.o
 .text.nrf_drv_gpiote_out_init
                0x00000000       0xdc _build/nrf_drv_gpiote.o
 .text.nrf_drv_gpiote_out_uninit
                0x00000000       0x48 _build/nrf_drv_gpiote.o
 .text.nrf_drv_gpiote_out_set
                0x00000000       0x14 _build/nrf_drv_gpiote.o
 .text.nrf_drv_gpiote_out_clear
                0x00000000       0x14 _build/nrf_drv_gpiote.o
 .text.nrf_drv_gpiote_out_toggle
                0x00000000       0x2c _build/nrf_drv_gpiote.o
 .text.nrf_drv_gpiote_out_task_enable
                0x00000000       0x38 _build/nrf_drv_gpiote.o
 .text.nrf_drv_gpiote_out_task_disable
                0x00000000       0x28 _build/nrf_drv_gpiote.o
 .text.nrf_drv_gpiote_out_task_addr_get
                0x00000000       0x20 _build/nrf_drv_gpiote.o
 .text.nrf_drv_gpiote_out_task_force
                0x00000000       0x38 _build/nrf_drv_gpiote.o
 .text.nrf_drv_gpiote_out_task_trigger
                0x00000000       0x20 _build/nrf_drv_gpiote.o
 .text.nrf_drv_gpiote_in_event_disable
                0x00000000       0x60 _build/nrf_drv_gpiote.o
 .text.nrf_drv_gpiote_in_uninit
                0x00000000       0xa8 _build/nrf_drv_gpiote.o
 .text.nrf_drv_gpiote_in_event_addr_get
                0x00000000       0x20 _build/nrf_drv_gpiote.o
 .text          0x00000000        0x0 _build/nrf_drv_uart.o
 .data          0x00000000        0x0 _build/nrf_drv_uart.o
 .bss           0x00000000        0x0 _build/nrf_drv_uart.o
 .text.nrf_drv_uart_init
                0x00000000      0x110 _build/nrf_drv_uart.o
 .text.nrf_drv_uart_uninit
                0x00000000       0xbc _build/nrf_drv_uart.o
 .text.nrf_drv_uart_tx
                0x00000000       0xb4 _build/nrf_drv_uart.o
 .text.nrf_drv_uart_rx
                0x00000000      0x108 _build/nrf_drv_uart.o
 .text.nrf_drv_uart_rx_enable
                0x00000000       0x2c _build/nrf_drv_uart.o
 .text.nrf_drv_uart_rx_disable
                0x00000000       0x18 _build/nrf_drv_uart.o
 .text.nrf_drv_uart_errorsrc_get
                0x00000000       0x1c _build/nrf_drv_uart.o
 .text.nrf_drv_uart_tx_abort
                0x00000000       0x3c _build/nrf_drv_uart.o
 .text.nrf_drv_uart_rx_abort
                0x00000000       0x1c _build/nrf_drv_uart.o
 .rodata.m_default_config
                0x00000000       0x20 _build/nrf_drv_uart.o
 .text          0x00000000        0x0 _build/pstorage.o
 .data          0x00000000        0x0 _build/pstorage.o
 .bss           0x00000000        0x0 _build/pstorage.o
 .text.sd_flash_write
                0x00000000        0x4 _build/pstorage.o
 .text.sd_flash_page_erase
                0x00000000        0x4 _build/pstorage.o
 .text.flash_api_err_code_process
                0x00000000       0x60 _build/pstorage.o
 .text.state_entry_action_run
                0x00000000      0x1b4 _build/pstorage.o
 .text.clear_operation_execute
                0x00000000      0x194 _build/pstorage.o
 .text.unlikely.cmd_queue_enqueue
                0x00000000       0x8c _build/pstorage.o
 .text.tail_restore_state_run
                0x00000000       0xb4 _build/pstorage.o
 .text.state_write_data_swap_entry_run
                0x00000000       0xb0 _build/pstorage.o
 .text.state_restore_head_entry_run
                0x00000000       0xb0 _build/pstorage.o
 .text.data_to_swap_write_state_run
                0x00000000       0xa0 _build/pstorage.o
 .text.state_restore_tail_entry_run
                0x00000000       0xc0 _build/pstorage.o
 .text.state_erase_data_page_entry_run
                0x00000000       0x70 _build/pstorage.o
 .text.swap_erase_state_run
                0x00000000       0xd4 _build/pstorage.o
 .text.state_swap_erase_entry_run
                0x00000000       0xa4 _build/pstorage.o
 .text.store_cmd_flash_write_execute
                0x00000000      0x120 _build/pstorage.o
 .text.head_restore_state_run
                0x00000000      0x21c _build/pstorage.o
 .text.data_page_erase_state_run
                0x00000000      0x26c _build/pstorage.o
 .text.command_end_procedure_run
                0x00000000       0xb8 _build/pstorage.o
 .text.pstorage_sys_event_handler
                0x00000000      0x1cc _build/pstorage.o
 .text.pstorage_init
                0x00000000      0x14c _build/pstorage.o
 .text.pstorage_register
                0x00000000       0xf0 _build/pstorage.o
 .text.pstorage_block_identifier_get
                0x00000000       0x50 _build/pstorage.o
 .text.pstorage_store
                0x00000000       0x88 _build/pstorage.o
 .text.pstorage_update
                0x00000000       0x88 _build/pstorage.o
 .text.pstorage_load
                0x00000000       0xa8 _build/pstorage.o
 .text.pstorage_clear
                0x00000000       0x94 _build/pstorage.o
 .text.pstorage_access_status_get
                0x00000000       0x28 _build/pstorage.o
 .bss.m_cmd_queue
                0x00000000       0xcc _build/pstorage.o
 .bss.m_num_of_bytes_written
                0x00000000        0x4 _build/pstorage.o
 .bss.m_tail_word_size
                0x00000000        0x4 _build/pstorage.o
 .bss.m_app_table
                0x00000000        0xc _build/pstorage.o
 .bss.m_next_app_instance
                0x00000000        0x2 _build/pstorage.o
 .bss.m_next_page_addr
                0x00000000        0x4 _build/pstorage.o
 .rodata.swap_sub_state_sm_lut.5962
                0x00000000       0x14 _build/pstorage.o
 .bss.m_flags   0x00000000        0x4 _build/pstorage.o
 .bss.m_swap_sub_state
                0x00000000        0x1 _build/pstorage.o
 .bss.m_state   0x00000000        0x1 _build/pstorage.o
 .rodata.swap_sub_state_sm_lut.5887
                0x00000000       0x14 _build/pstorage.o
 .bss.m_app_data_size
                0x00000000        0x4 _build/pstorage.o
 .bss.m_num_of_command_retries
                0x00000000        0x4 _build/pstorage.o
 .bss.m_head_word_size
                0x00000000        0x4 _build/pstorage.o
 .bss.m_current_page_id
                0x00000000        0x4 _build/pstorage.o
 .comment       0x00000000       0x71 _build/pstorage.o
 .ARM.attributes
                0x00000000       0x31 _build/pstorage.o
 .text          0x00000000        0x0 _build/ant_stack_config.o
 .data          0x00000000        0x0 _build/ant_stack_config.o
 .bss           0x00000000        0x0 _build/ant_stack_config.o
 .text          0x00000000        0x0 _build/bsp.o
 .data          0x00000000        0x0 _build/bsp.o
 .bss           0x00000000        0x0 _build/bsp.o
 .text.bsp_buttons_state_get
                0x00000000       0x40 _build/bsp.o
 .text.bsp_button_is_pressed
                0x00000000       0x2c _build/bsp.o
 .text.bsp_indication_text_set
                0x00000000      0x394 _build/bsp.o
 .rodata.bsp_indication_text_set
                0x00000000       0x60 _build/bsp.o
 .text.bsp_event_to_button_action_assign
                0x00000000       0x58 _build/bsp.o
 .text.bsp_buttons_enable
                0x00000000        0x8 _build/bsp.o
 .text.bsp_buttons_disable
                0x00000000        0x8 _build/bsp.o
 .text.bsp_wakeup_buttons_set
                0x00000000       0x8c _build/bsp.o
 .rodata.m_buttons_list
                0x00000000       0x10 _build/bsp.o
 .text          0x00000000        0x0 _build/main.o
 .data          0x00000000        0x0 _build/main.o
 .bss           0x00000000        0x0 _build/main.o
 .text          0x00000000        0x0 _build/ble_advdata.o
 .data          0x00000000        0x0 _build/ble_advdata.o
 .bss           0x00000000        0x0 _build/ble_advdata.o
 .text          0x00000000        0x0 _build/ble_bas.o
 .data          0x00000000        0x0 _build/ble_bas.o
 .bss           0x00000000        0x0 _build/ble_bas.o
 .text.sd_ble_gatts_service_add
                0x00000000        0x4 _build/ble_bas.o
 .text.sd_ble_gatts_characteristic_add
                0x00000000        0x4 _build/ble_bas.o
 .text.sd_ble_gatts_descriptor_add
                0x00000000        0x4 _build/ble_bas.o
 .text.sd_ble_gatts_value_set
                0x00000000        0x4 _build/ble_bas.o
 .text.sd_ble_gatts_hvx
                0x00000000        0x4 _build/ble_bas.o
 .text.ble_bas_on_ble_evt
                0x00000000       0x64 _build/ble_bas.o
 .text.ble_bas_init
                0x00000000      0x1dc _build/ble_bas.o
 .text.ble_bas_battery_level_update
                0x00000000       0x8c _build/ble_bas.o
 .comment       0x00000000       0x71 _build/ble_bas.o
 .ARM.attributes
                0x00000000       0x31 _build/ble_bas.o
 .text          0x00000000        0x0 _build/ble_conn_params.o
 .data          0x00000000        0x0 _build/ble_conn_params.o
 .bss           0x00000000        0x0 _build/ble_conn_params.o
 .text.ble_conn_params_stop
                0x00000000       0x10 _build/ble_conn_params.o
 .text.ble_conn_params_change_conn_params
                0x00000000       0x70 _build/ble_conn_params.o
 .text          0x00000000        0x0 _build/ble_dis.o
 .data          0x00000000        0x0 _build/ble_dis.o
 .bss           0x00000000        0x0 _build/ble_dis.o
 .text          0x00000000        0x0 _build/ble_hrs.o
 .data          0x00000000        0x0 _build/ble_hrs.o
 .bss           0x00000000        0x0 _build/ble_hrs.o
 .text.sd_ble_gatts_value_set
                0x00000000        0x4 _build/ble_hrs.o
 .text.ble_hrs_rr_interval_buffer_is_full
                0x00000000       0x10 _build/ble_hrs.o
 .text.ble_hrs_sensor_contact_supported_set
                0x00000000       0x1c _build/ble_hrs.o
 .text.ble_hrs_sensor_contact_detected_update
                0x00000000        0x8 _build/ble_hrs.o
 .text.ble_hrs_body_sensor_location_set
                0x00000000       0x30 _build/ble_hrs.o
 .text          0x00000000        0x0 _build/ble_srv_common.o
 .data          0x00000000        0x0 _build/ble_srv_common.o
 .bss           0x00000000        0x0 _build/ble_srv_common.o
 .text.sd_ble_gatts_characteristic_add
                0x00000000        0x4 _build/ble_srv_common.o
 .text.sd_ble_gatts_descriptor_add
                0x00000000        0x4 _build/ble_srv_common.o
 .text.ble_srv_report_ref_encode
                0x00000000        0xc _build/ble_srv_common.o
 .text.characteristic_add
                0x00000000      0x368 _build/ble_srv_common.o
 .rodata.characteristic_add
                0x00000000       0x78 _build/ble_srv_common.o
 .text.descriptor_add
                0x00000000      0x15c _build/ble_srv_common.o
 .rodata.descriptor_add
                0x00000000       0x30 _build/ble_srv_common.o
 .text          0x00000000        0x0 _build/device_manager_peripheral.o
 .data          0x00000000        0x0 _build/device_manager_peripheral.o
 .bss           0x00000000        0x0 _build/device_manager_peripheral.o
 .text.sd_ble_gap_authenticate
                0x00000000        0x4 _build/device_manager_peripheral.o
 .text.sd_ble_gap_sec_params_reply
                0x00000000        0x4 _build/device_manager_peripheral.o
 .text.sd_ble_gap_sec_info_reply
                0x00000000        0x4 _build/device_manager_peripheral.o
 .text.sd_ble_gatts_service_changed
                0x00000000        0x4 _build/device_manager_peripheral.o
 .text.sd_ble_gatts_sys_attr_set
                0x00000000        0x4 _build/device_manager_peripheral.o
 .text.sd_ble_gatts_sys_attr_get
                0x00000000        0x4 _build/device_manager_peripheral.o
 .text.storage_operation_dummy_handler
                0x00000000        0x4 _build/device_manager_peripheral.o
 .text.no_service_context_store
                0x00000000        0x4 _build/device_manager_peripheral.o
 .text.gattc_context_store
                0x00000000        0x4 _build/device_manager_peripheral.o
 .text.no_service_context_load
                0x00000000        0x4 _build/device_manager_peripheral.o
 .text.gattc_context_load
                0x00000000        0x4 _build/device_manager_peripheral.o
 .text.no_service_context_apply
                0x00000000        0x4 _build/device_manager_peripheral.o
 .text.gattc_context_apply
                0x00000000        0x4 _build/device_manager_peripheral.o
 .text.gatts_context_apply
                0x00000000       0xe8 _build/device_manager_peripheral.o
 .text.gatts_context_store
                0x00000000       0xd0 _build/device_manager_peripheral.o
 .text.gatts_context_load
                0x00000000       0x3c _build/device_manager_peripheral.o
 .text.dm_pstorage_cb_handler
                0x00000000      0x13c _build/device_manager_peripheral.o
 .text.gattsc_context_load
                0x00000000       0x3c _build/device_manager_peripheral.o
 .text.gattsc_context_apply
                0x00000000       0xe0 _build/device_manager_peripheral.o
 .text.gattsc_context_store
                0x00000000       0xd0 _build/device_manager_peripheral.o
 .text.dm_init  0x00000000      0x13c _build/device_manager_peripheral.o
 .text.dm_register
                0x00000000       0x7c _build/device_manager_peripheral.o
 .text.dm_security_setup_req
                0x00000000       0x5c _build/device_manager_peripheral.o
 .text.dm_security_status_req
                0x00000000       0x74 _build/device_manager_peripheral.o
 .text.dm_whitelist_create
                0x00000000       0xe0 _build/device_manager_peripheral.o
 .text.dm_device_add
                0x00000000        0x8 _build/device_manager_peripheral.o
 .text.dm_device_delete
                0x00000000       0xcc _build/device_manager_peripheral.o
 .text.dm_device_delete_all
                0x00000000       0xbc _build/device_manager_peripheral.o
 .text.dm_service_context_set
                0x00000000       0xbc _build/device_manager_peripheral.o
 .text.dm_service_context_get
                0x00000000       0xd8 _build/device_manager_peripheral.o
 .text.dm_service_context_delete
                0x00000000       0x5c _build/device_manager_peripheral.o
 .text.dm_application_context_set
                0x00000000        0x8 _build/device_manager_peripheral.o
 .text.dm_application_context_get
                0x00000000        0x8 _build/device_manager_peripheral.o
 .text.dm_application_context_delete
                0x00000000        0x8 _build/device_manager_peripheral.o
 .text.dm_application_instance_set
                0x00000000       0x3c _build/device_manager_peripheral.o
 .text.dm_handle_initialize
                0x00000000       0x1c _build/device_manager_peripheral.o
 .text.dm_peer_addr_set
                0x00000000       0xb8 _build/device_manager_peripheral.o
 .text.dm_peer_addr_get
                0x00000000       0x84 _build/device_manager_peripheral.o
 .text.dm_distributed_keys_get
                0x00000000       0xbc _build/device_manager_peripheral.o
 .text.bond_data_load
                0x00000000       0x50 _build/device_manager_peripheral.o
 .text.dm_ble_evt_handler
                0x00000000      0x69c _build/device_manager_peripheral.o
 .rodata.dm_ble_evt_handler
                0x00000000      0x108 _build/device_manager_peripheral.o
 .text.dm_handle_get
                0x00000000       0x48 _build/device_manager_peripheral.o
 .rodata.m_service_context_apply
                0x00000000       0x10 _build/device_manager_peripheral.o
 .bss.m_irk_index_table
                0x00000000        0x8 _build/device_manager_peripheral.o
 .bss.m_module_initialized
                0x00000000        0x1 _build/device_manager_peripheral.o
 .rodata.m_service_context_store
                0x00000000       0x10 _build/device_manager_peripheral.o
 .bss.m_local_id_info
                0x00000000       0x18 _build/device_manager_peripheral.o
 .bss.m_connection_table
                0x00000000        0xc _build/device_manager_peripheral.o
 .rodata.m_service_context_load
                0x00000000       0x10 _build/device_manager_peripheral.o
 .bss.m_peer_table
                0x00000000       0xc4 _build/device_manager_peripheral.o
 .bss.m_storage_handle
                0x00000000        0x8 _build/device_manager_peripheral.o
 .bss.m_bond_table
                0x00000000       0x1c _build/device_manager_peripheral.o
 .bss.m_gatts_table
                0x00000000       0x18 _build/device_manager_peripheral.o
 .bss.m_peer_addr_update
                0x00000000        0x4 _build/device_manager_peripheral.o
 .bss.m_application_table
                0x00000000        0xc _build/device_manager_peripheral.o
 .rodata.m_context_init_len
                0x00000000        0x4 _build/device_manager_peripheral.o
 .comment       0x00000000       0x71 _build/device_manager_peripheral.o
 .ARM.attributes
                0x00000000       0x31 _build/device_manager_peripheral.o
 .text          0x00000000        0x0 _build/system_nrf51.o
 .data          0x00000000        0x0 _build/system_nrf51.o
 .bss           0x00000000        0x0 _build/system_nrf51.o
 .text.SystemCoreClockUpdate
                0x00000000       0x10 _build/system_nrf51.o
 .data.SystemCoreClock
                0x00000000        0x4 _build/system_nrf51.o
 .text          0x00000000        0x0 _build/softdevice_handler.o
 .data          0x00000000        0x0 _build/softdevice_handler.o
 .bss           0x00000000        0x0 _build/softdevice_handler.o
 .text.sd_softdevice_disable
                0x00000000        0x4 _build/softdevice_handler.o
 .text.intern_softdevice_events_execute
                0x00000000       0x14 _build/softdevice_handler.o
 .text.softdevice_handler_isEnabled
                0x00000000        0xc _build/softdevice_handler.o
 .text.softdevice_handler_sd_disable
                0x00000000       0x18 _build/softdevice_handler.o
 .text.softdevice_sys_evt_handler_set
                0x00000000       0x14 _build/softdevice_handler.o
 .data          0x00000000        0x0 _build/gcc_startup_nrf51.o
 .bss           0x00000000        0x0 _build/gcc_startup_nrf51.o
 .ARM.extab     0x00000000        0x0 _build/gcc_startup_nrf51.o
 .data          0x00000000        0x0 c:/program files (x86)/gnu tools arm embedded/4.9 2015q1/bin/../lib/gcc/arm-none-eabi/4.9.3/armv6-m\libgcc.a(_udivsi3.o)
 .bss           0x00000000        0x0 c:/program files (x86)/gnu tools arm embedded/4.9 2015q1/bin/../lib/gcc/arm-none-eabi/4.9.3/armv6-m\libgcc.a(_udivsi3.o)
 .text          0x00000000      0x1e0 c:/program files (x86)/gnu tools arm embedded/4.9 2015q1/bin/../lib/gcc/arm-none-eabi/4.9.3/armv6-m\libgcc.a(_divsi3.o)
 .data          0x00000000        0x0 c:/program files (x86)/gnu tools arm embedded/4.9 2015q1/bin/../lib/gcc/arm-none-eabi/4.9.3/armv6-m\libgcc.a(_divsi3.o)
 .bss           0x00000000        0x0 c:/program files (x86)/gnu tools arm embedded/4.9 2015q1/bin/../lib/gcc/arm-none-eabi/4.9.3/armv6-m\libgcc.a(_divsi3.o)
 .debug_frame   0x00000000       0x20 c:/program files (x86)/gnu tools arm embedded/4.9 2015q1/bin/../lib/gcc/arm-none-eabi/4.9.3/armv6-m\libgcc.a(_divsi3.o)
 .ARM.attributes
                0x00000000       0x1e c:/program files (x86)/gnu tools arm embedded/4.9 2015q1/bin/../lib/gcc/arm-none-eabi/4.9.3/armv6-m\libgcc.a(_divsi3.o)
 .data          0x00000000        0x0 c:/program files (x86)/gnu tools arm embedded/4.9 2015q1/bin/../lib/gcc/arm-none-eabi/4.9.3/armv6-m\libgcc.a(_dvmd_tls.o)
 .bss           0x00000000        0x0 c:/program files (x86)/gnu tools arm embedded/4.9 2015q1/bin/../lib/gcc/arm-none-eabi/4.9.3/armv6-m\libgcc.a(_dvmd_tls.o)
 .text          0x00000000        0x0 c:/program files (x86)/gnu tools arm embedded/4.9 2015q1/bin/../lib/gcc/arm-none-eabi/4.9.3/../../../../arm-none-eabi/lib/armv6-m\libc_nano.a(lib_a-memcmp.o)
 .data          0x00000000        0x0 c:/program files (x86)/gnu tools arm embedded/4.9 2015q1/bin/../lib/gcc/arm-none-eabi/4.9.3/../../../../arm-none-eabi/lib/armv6-m\libc_nano.a(lib_a-memcmp.o)
 .bss           0x00000000        0x0 c:/program files (x86)/gnu tools arm embedded/4.9 2015q1/bin/../lib/gcc/arm-none-eabi/4.9.3/../../../../arm-none-eabi/lib/armv6-m\libc_nano.a(lib_a-memcmp.o)
 .text.memcmp   0x00000000       0x1e c:/program files (x86)/gnu tools arm embedded/4.9 2015q1/bin/../lib/gcc/arm-none-eabi/4.9.3/../../../../arm-none-eabi/lib/armv6-m\libc_nano.a(lib_a-memcmp.o)
 .debug_frame   0x00000000       0x2c c:/program files (x86)/gnu tools arm embedded/4.9 2015q1/bin/../lib/gcc/arm-none-eabi/4.9.3/../../../../arm-none-eabi/lib/armv6-m\libc_nano.a(lib_a-memcmp.o)
 .ARM.attributes
                0x00000000       0x2c c:/program files (x86)/gnu tools arm embedded/4.9 2015q1/bin/../lib/gcc/arm-none-eabi/4.9.3/../../../../arm-none-eabi/lib/armv6-m\libc_nano.a(lib_a-memcmp.o)
 .text          0x00000000        0x0 c:/program files (x86)/gnu tools arm embedded/4.9 2015q1/bin/../lib/gcc/arm-none-eabi/4.9.3/../../../../arm-none-eabi/lib/armv6-m\libc_nano.a(lib_a-memcpy.o)
 .data          0x00000000        0x0 c:/program files (x86)/gnu tools arm embedded/4.9 2015q1/bin/../lib/gcc/arm-none-eabi/4.9.3/../../../../arm-none-eabi/lib/armv6-m\libc_nano.a(lib_a-memcpy.o)
 .bss           0x00000000        0x0 c:/program files (x86)/gnu tools arm embedded/4.9 2015q1/bin/../lib/gcc/arm-none-eabi/4.9.3/../../../../arm-none-eabi/lib/armv6-m\libc_nano.a(lib_a-memcpy.o)
 .text          0x00000000        0x0 c:/program files (x86)/gnu tools arm embedded/4.9 2015q1/bin/../lib/gcc/arm-none-eabi/4.9.3/../../../../arm-none-eabi/lib/armv6-m\libc_nano.a(lib_a-memmove.o)
 .data          0x00000000        0x0 c:/program files (x86)/gnu tools arm embedded/4.9 2015q1/bin/../lib/gcc/arm-none-eabi/4.9.3/../../../../arm-none-eabi/lib/armv6-m\libc_nano.a(lib_a-memmove.o)
 .bss           0x00000000        0x0 c:/program files (x86)/gnu tools arm embedded/4.9 2015q1/bin/../lib/gcc/arm-none-eabi/4.9.3/../../../../arm-none-eabi/lib/armv6-m\libc_nano.a(lib_a-memmove.o)
 .text          0x00000000        0x0 c:/program files (x86)/gnu tools arm embedded/4.9 2015q1/bin/../lib/gcc/arm-none-eabi/4.9.3/../../../../arm-none-eabi/lib/armv6-m\libc_nano.a(lib_a-strlen.o)
 .data          0x00000000        0x0 c:/program files (x86)/gnu tools arm embedded/4.9 2015q1/bin/../lib/gcc/arm-none-eabi/4.9.3/../../../../arm-none-eabi/lib/armv6-m\libc_nano.a(lib_a-strlen.o)
 .bss           0x00000000        0x0 c:/program files (x86)/gnu tools arm embedded/4.9 2015q1/bin/../lib/gcc/arm-none-eabi/4.9.3/../../../../arm-none-eabi/lib/armv6-m\libc_nano.a(lib_a-strlen.o)
 .text          0x00000000        0x0 c:/program files (x86)/gnu tools arm embedded/4.9 2015q1/bin/../lib/gcc/arm-none-eabi/4.9.3/armv6-m/crtend.o
 .data          0x00000000        0x0 c:/program files (x86)/gnu tools arm embedded/4.9 2015q1/bin/../lib/gcc/arm-none-eabi/4.9.3/armv6-m/crtend.o
 .bss           0x00000000        0x0 c:/program files (x86)/gnu tools arm embedded/4.9 2015q1/bin/../lib/gcc/arm-none-eabi/4.9.3/armv6-m/crtend.o
 .eh_frame      0x00000000        0x4 c:/program files (x86)/gnu tools arm embedded/4.9 2015q1/bin/../lib/gcc/arm-none-eabi/4.9.3/armv6-m/crtend.o
 .jcr           0x00000000        0x4 c:/program files (x86)/gnu tools arm embedded/4.9 2015q1/bin/../lib/gcc/arm-none-eabi/4.9.3/armv6-m/crtend.o
 .ARM.attributes
                0x00000000       0x2c c:/program files (x86)/gnu tools arm embedded/4.9 2015q1/bin/../lib/gcc/arm-none-eabi/4.9.3/armv6-m/crtend.o
 .text          0x00000000        0x0 c:/program files (x86)/gnu tools arm embedded/4.9 2015q1/bin/../lib/gcc/arm-none-eabi/4.9.3/armv6-m/crtn.o
 .data          0x00000000        0x0 c:/program files (x86)/gnu tools arm embedded/4.9 2015q1/bin/../lib/gcc/arm-none-eabi/4.9.3/armv6-m/crtn.o
 .bss           0x00000000        0x0 c:/program files (x86)/gnu tools arm embedded/4.9 2015q1/bin/../lib/gcc/arm-none-eabi/4.9.3/armv6-m/crtn.o

Memory Configuration

Name             Origin             Length             Attributes
FLASH            0x0001d000         0x00023000         xr
RAM              0x20002200         0x00005e00         xrw
*default*        0x00000000         0xffffffff

Linker script and memory map

LOAD c:/program files (x86)/gnu tools arm embedded/4.9 2015q1/bin/../lib/gcc/arm-none-eabi/4.9.3/armv6-m/crti.o
LOAD c:/program files (x86)/gnu tools arm embedded/4.9 2015q1/bin/../lib/gcc/arm-none-eabi/4.9.3/armv6-m/crtbegin.o
LOAD c:/program files (x86)/gnu tools arm embedded/4.9 2015q1/bin/../lib/gcc/arm-none-eabi/4.9.3/../../../../arm-none-eabi/lib/armv6-m/crt0.o
LOAD c:/program files (x86)/gnu tools arm embedded/4.9 2015q1/bin/../lib/gcc/arm-none-eabi/4.9.3/../../../../arm-none-eabi/lib/armv6-m\libc_nano.a
LOAD c:/program files (x86)/gnu tools arm embedded/4.9 2015q1/bin/../lib/gcc/arm-none-eabi/4.9.3/../../../../arm-none-eabi/lib/armv6-m\libnosys.a
LOAD _build/app_button.o
LOAD _build/app_error.o
LOAD _build/app_timer.o
LOAD _build/app_trace.o
LOAD _build/nrf_assert.o
LOAD _build/retarget.o
LOAD _build/sensorsim.o
LOAD _build/app_uart.o
LOAD _build/nrf_delay.o
LOAD _build/nrf_drv_common.o
LOAD _build/nrf_drv_gpiote.o
LOAD _build/nrf_drv_uart.o
LOAD _build/pstorage.o
LOAD _build/ant_stack_config.o
LOAD _build/bsp.o
LOAD _build/main.o
LOAD _build/ble_advdata.o
LOAD _build/ble_bas.o
LOAD _build/ble_conn_params.o
LOAD _build/ble_dis.o
LOAD _build/ble_hrs.o
LOAD _build/ble_srv_common.o
LOAD _build/device_manager_peripheral.o
LOAD _build/system_nrf51.o
LOAD _build/softdevice_handler.o
LOAD _build/gcc_startup_nrf51.o
START GROUP
LOAD c:/program files (x86)/gnu tools arm embedded/4.9 2015q1/bin/../lib/gcc/arm-none-eabi/4.9.3/armv6-m\libgcc.a
LOAD c:/program files (x86)/gnu tools arm embedded/4.9 2015q1/bin/../lib/gcc/arm-none-eabi/4.9.3/../../../../arm-none-eabi/lib/armv6-m\libc_nano.a
END GROUP
START GROUP
LOAD c:/program files (x86)/gnu tools arm embedded/4.9 2015q1/bin/../lib/gcc/arm-none-eabi/4.9.3/armv6-m\libgcc.a
LOAD c:/program files (x86)/gnu tools arm embedded/4.9 2015q1/bin/../lib/gcc/arm-none-eabi/4.9.3/../../../../arm-none-eabi/lib/armv6-m\libc_nano.a
END GROUP
LOAD c:/program files (x86)/gnu tools arm embedded/4.9 2015q1/bin/../lib/gcc/arm-none-eabi/4.9.3/armv6-m/crtend.o
LOAD c:/program files (x86)/gnu tools arm embedded/4.9 2015q1/bin/../lib/gcc/arm-none-eabi/4.9.3/armv6-m/crtn.o
START GROUP
LOAD c:/program files (x86)/gnu tools arm embedded/4.9 2015q1/bin/../lib/gcc/arm-none-eabi/4.9.3/armv6-m\libgcc.a
LOAD c:/program files (x86)/gnu tools arm embedded/4.9 2015q1/bin/../lib/gcc/arm-none-eabi/4.9.3/../../../../arm-none-eabi/lib/armv6-m\libc.a
LOAD c:/program files (x86)/gnu tools arm embedded/4.9 2015q1/bin/../lib/gcc/arm-none-eabi/4.9.3/../../../../arm-none-eabi/lib/armv6-m\libnosys.a
END GROUP

.fs_data_out    0x00000000        0x0
                0x00000000                PROVIDE (__start_fs_data, .)
 *(fs_data)
                0x00000000                PROVIDE (__stop_fs_data, .)

.text           0x0001d000     0x3f10
 *(.Vectors)
 .Vectors       0x0001d000       0xc0 _build/gcc_startup_nrf51.o
                0x0001d000                __Vectors
 *(.text*)
 .text          0x0001d0c0       0x60 c:/program files (x86)/gnu tools arm embedded/4.9 2015q1/bin/../lib/gcc/arm-none-eabi/4.9.3/armv6-m/crtbegin.o
 .text          0x0001d120       0x78 c:/program files (x86)/gnu tools arm embedded/4.9 2015q1/bin/../lib/gcc/arm-none-eabi/4.9.3/../../../../arm-none-eabi/lib/armv6-m/crt0.o
                0x0001d120                _start
                0x0001d120                _mainCRTStartup
 .text.exit     0x0001d198       0x2c c:/program files (x86)/gnu tools arm embedded/4.9 2015q1/bin/../lib/gcc/arm-none-eabi/4.9.3/../../../../arm-none-eabi/lib/armv6-m\libc_nano.a(lib_a-exit.o)
                0x0001d198                exit
 .text.__libc_init_array
                0x0001d1c4       0x4c c:/program files (x86)/gnu tools arm embedded/4.9 2015q1/bin/../lib/gcc/arm-none-eabi/4.9.3/../../../../arm-none-eabi/lib/armv6-m\libc_nano.a(lib_a-init.o)
                0x0001d1c4                __libc_init_array
 .text.memset   0x0001d210       0x10 c:/program files (x86)/gnu tools arm embedded/4.9 2015q1/bin/../lib/gcc/arm-none-eabi/4.9.3/../../../../arm-none-eabi/lib/armv6-m\libc_nano.a(lib_a-memset.o)
                0x0001d210                memset
 .text._exit    0x0001d220        0x4 c:/program files (x86)/gnu tools arm embedded/4.9 2015q1/bin/../lib/gcc/arm-none-eabi/4.9.3/../../../../arm-none-eabi/lib/armv6-m\libnosys.a(_exit.o)
                0x0001d220                _exit
 .text.detection_delay_timeout_handler
                0x0001d224       0xa8 _build/app_button.o
 .text.gpiote_event_handler
                0x0001d2cc       0x5c _build/app_button.o
 .text.app_button_init
                0x0001d328       0xb4 _build/app_button.o
                0x0001d328                app_button_init
 .text.app_button_enable
                0x0001d3dc       0x30 _build/app_button.o
                0x0001d3dc                app_button_enable
 .text.app_error_handler
                0x0001d40c       0x18 _build/app_error.o
                0x0001d40c                app_error_handler
 .text.rtc1_stop
                0x0001d424       0x78 _build/app_timer.o
 .text.RTC1_IRQHandler
                0x0001d49c       0xe0 _build/app_timer.o
                0x0001d49c                RTC1_IRQHandler
 .text.SWI0_IRQHandler
                0x0001d57c      0x448 _build/app_timer.o
                0x0001d57c                SWI0_IRQHandler
 .text.app_timer_init
                0x0001d9c4       0xe4 _build/app_timer.o
                0x0001d9c4                app_timer_init
 .text.app_timer_create
                0x0001daa8       0x34 _build/app_timer.o
                0x0001daa8                app_timer_create
 .text.app_timer_start
                0x0001dadc       0xfc _build/app_timer.o
                0x0001dadc                app_timer_start
 .text.app_timer_stop
                0x0001dbd8       0xc8 _build/app_timer.o
                0x0001dbd8                app_timer_stop
 .text.nrf_drv_common_irq_enable
                0x0001dca0       0x80 _build/nrf_drv_common.o
                0x0001dca0                nrf_drv_common_irq_enable
 .text.nrf_drv_gpiote_init
                0x0001dd20       0x68 _build/nrf_drv_gpiote.o
                0x0001dd20                nrf_drv_gpiote_init
 .text.nrf_drv_gpiote_is_init
                0x0001dd88       0x14 _build/nrf_drv_gpiote.o
                0x0001dd88                nrf_drv_gpiote_is_init
 .text.nrf_drv_gpiote_in_init
                0x0001dd9c      0x15c _build/nrf_drv_gpiote.o
                0x0001dd9c                nrf_drv_gpiote_in_init
 .text.nrf_drv_gpiote_in_event_enable
                0x0001def8       0xa8 _build/nrf_drv_gpiote.o
                0x0001def8                nrf_drv_gpiote_in_event_enable
 .text.nrf_drv_gpiote_in_is_set
                0x0001dfa0       0x14 _build/nrf_drv_gpiote.o
                0x0001dfa0                nrf_drv_gpiote_in_is_set
 .text.GPIOTE_IRQHandler
                0x0001dfb4      0x3bc _build/nrf_drv_gpiote.o
                0x0001dfb4                GPIOTE_IRQHandler
 .text.UART0_IRQHandler
                0x0001e370      0x16c _build/nrf_drv_uart.o
                0x0001e370                UART0_IRQHandler
 .text.sd_ant_enable
                0x0001e4dc        0x4 _build/ant_stack_config.o
 .text.ant_stack_static_config
                0x0001e4e0       0x1c _build/ant_stack_config.o
                0x0001e4e0                ant_stack_static_config
 .text.alert_timer_handler
                0x0001e4fc       0x28 _build/bsp.o
 .text.bsp_button_event_handler
                0x0001e524       0xcc _build/bsp.o
 .text.leds_timer_handler
                0x0001e5f0      0x344 _build/bsp.o
 .text.button_timer_handler
                0x0001e934       0x48 _build/bsp.o
 .text.bsp_indication_set
                0x0001e97c      0x394 _build/bsp.o
                0x0001e97c                bsp_indication_set
 .text.bsp_init
                0x0001ed10       0xc0 _build/bsp.o
                0x0001ed10                bsp_init
 .text.sd_ble_gap_adv_start
                0x0001edd0        0x4 _build/main.o
 .text.sd_ble_gap_disconnect
                0x0001edd4        0x4 _build/main.o
 .text.sd_ble_gap_appearance_set
                0x0001edd8        0x4 _build/main.o
 .text.sd_ble_gap_ppcp_set
                0x0001eddc        0x4 _build/main.o
 .text.sd_ble_gap_device_name_set
                0x0001ede0        0x4 _build/main.o
 .text.sd_ble_gap_sec_params_reply
                0x0001ede4        0x4 _build/main.o
 .text.sd_ble_gatts_sys_attr_set
                0x0001ede8        0x4 _build/main.o
 .text.sd_ble_enable
                0x0001edec        0x4 _build/main.o
 .text.sd_power_system_off
                0x0001edf0        0x4 _build/main.o
 .text.sd_app_evt_wait
                0x0001edf4        0x4 _build/main.o
 .text.sd_ant_channel_assign
                0x0001edf8        0x4 _build/main.o
 .text.sd_ant_channel_open
                0x0001edfc        0x4 _build/main.o
 .text.sd_ant_channel_close
                0x0001ee00        0x4 _build/main.o
 .text.sd_ant_network_address_set
                0x0001ee04        0x4 _build/main.o
 .text.sd_ant_channel_radio_freq_set
                0x0001ee08        0x4 _build/main.o
 .text.sd_ant_channel_period_set
                0x0001ee0c        0x4 _build/main.o
 .text.sd_ant_channel_id_set
                0x0001ee10        0x4 _build/main.o
 .text.conn_params_error_handler
                0x0001ee14        0xc _build/main.o
 .text.ble_evt_dispatch
                0x0001ee20       0xc0 _build/main.o
 .text.on_conn_params_evt
                0x0001eee0       0x28 _build/main.o
 .text.on_ant_evt
                0x0001ef08       0xd8 _build/main.o
 .text.assert_nrf_callback
                0x0001efe0       0x14 _build/main.o
                0x0001efe0                assert_nrf_callback
 .text.startup.main
                0x0001eff4      0x340 _build/main.o
                0x0001eff4                main
 .text.sd_ble_gap_address_get
                0x0001f334        0x4 _build/ble_advdata.o
 .text.sd_ble_gap_adv_data_set
                0x0001f338        0x4 _build/ble_advdata.o
 .text.sd_ble_gap_appearance_get
                0x0001f33c        0x4 _build/ble_advdata.o
 .text.sd_ble_gap_device_name_get
                0x0001f340        0x4 _build/ble_advdata.o
 .text.sd_ble_uuid_encode
                0x0001f344        0x4 _build/ble_advdata.o
 .text.name_encode
                0x0001f348       0x8c _build/ble_advdata.o
 .text.uuid_list_sized_encode
                0x0001f3d4       0xe8 _build/ble_advdata.o
 .text.adv_data_encode
                0x0001f4bc      0x550 _build/ble_advdata.o
                0x0001f4bc                adv_data_encode
 .text.ble_advdata_set
                0x0001fa0c      0x508 _build/ble_advdata.o
                0x0001fa0c                ble_advdata_set
 .text.sd_ble_gap_conn_param_update
                0x0001ff14        0x4 _build/ble_conn_params.o
 .text.sd_ble_gap_disconnect
                0x0001ff18        0x4 _build/ble_conn_params.o
 .text.sd_ble_gap_ppcp_set
                0x0001ff1c        0x4 _build/ble_conn_params.o
 .text.sd_ble_gap_ppcp_get
                0x0001ff20        0x4 _build/ble_conn_params.o
 .text.update_timeout_handler
                0x0001ff24       0x78 _build/ble_conn_params.o
 .text.conn_params_negotiation
                0x0001ff9c       0x88 _build/ble_conn_params.o
 .text.ble_conn_params_init
                0x00020024       0x78 _build/ble_conn_params.o
                0x00020024                ble_conn_params_init
 .text.ble_conn_params_on_ble_evt
                0x0002009c       0xac _build/ble_conn_params.o
                0x0002009c                ble_conn_params_on_ble_evt
 .text.sd_ble_gatts_service_add
                0x00020148        0x4 _build/ble_dis.o
 .text.sd_ble_gatts_characteristic_add
                0x0002014c        0x4 _build/ble_dis.o
 .text.char_add
                0x00020150       0xd0 _build/ble_dis.o
 .text.ble_dis_init
                0x00020220      0x2ec _build/ble_dis.o
                0x00020220                ble_dis_init
 .text.sd_ble_gatts_service_add
                0x0002050c        0x4 _build/ble_hrs.o
 .text.sd_ble_gatts_characteristic_add
                0x00020510        0x4 _build/ble_hrs.o
 .text.sd_ble_gatts_hvx
                0x00020514        0x4 _build/ble_hrs.o
 .text.ble_hrs_on_ble_evt
                0x00020518       0x54 _build/ble_hrs.o
                0x00020518                ble_hrs_on_ble_evt
 .text.ble_hrs_init
                0x0002056c      0x2d4 _build/ble_hrs.o
                0x0002056c                ble_hrs_init
 .text.ble_hrs_heart_rate_measurement_send
                0x00020840      0x118 _build/ble_hrs.o
                0x00020840                ble_hrs_heart_rate_measurement_send
 .text.ble_hrs_rr_interval_add
                0x00020958       0x34 _build/ble_hrs.o
                0x00020958                ble_hrs_rr_interval_add
 .text.ble_srv_ascii_to_utf8
                0x0002098c       0x14 _build/ble_srv_common.o
                0x0002098c                ble_srv_ascii_to_utf8
 .text.SystemInit
                0x000209a0       0x9c _build/system_nrf51.o
                0x000209a0                SystemInit
 .text.sd_nvic_EnableIRQ
                0x00020a3c        0x4 _build/softdevice_handler.o
 .text.sd_evt_get
                0x00020a40        0x4 _build/softdevice_handler.o
 .text.sd_softdevice_enable
                0x00020a44        0x4 _build/softdevice_handler.o
 .text.sd_ble_evt_get
                0x00020a48        0x4 _build/softdevice_handler.o
 .text.sd_ant_event_get
                0x00020a4c        0x4 _build/softdevice_handler.o
 .text.softdevice_assertion_handler
                0x00020a50        0xc _build/softdevice_handler.o
                0x00020a50                softdevice_assertion_handler
 .text.intern_softdevice_events_execute.part.0
                0x00020a5c      0x100 _build/softdevice_handler.o
 .text.softdevice_handler_init
                0x00020b5c       0x4c _build/softdevice_handler.o
                0x00020b5c                softdevice_handler_init
 .text.softdevice_ble_evt_handler_set
                0x00020ba8       0x14 _build/softdevice_handler.o
                0x00020ba8                softdevice_ble_evt_handler_set
 .text.softdevice_ant_evt_handler_set
                0x00020bbc       0x14 _build/softdevice_handler.o
                0x00020bbc                softdevice_ant_evt_handler_set
 .text.SWI2_IRQHandler
                0x00020bd0       0x34 _build/softdevice_handler.o
                0x00020bd0                SWI2_IRQHandler
 .text          0x00020c04       0x54 _build/gcc_startup_nrf51.o
                0x00020c04                Reset_Handler
                0x00020c4c                NMI_Handler
                0x00020c4e                HardFault_Handler
                0x00020c50                SVC_Handler
                0x00020c52                PendSV_Handler
                0x00020c54                SysTick_Handler
                0x00020c56                RTC0_IRQHandler
                0x00020c56                POWER_CLOCK_IRQHandler
                0x00020c56                SPI0_TWI0_IRQHandler
                0x00020c56                LPCOMP_IRQHandler
                0x00020c56                SWI4_IRQHandler
                0x00020c56                TEMP_IRQHandler
                0x00020c56                QDEC_IRQHandler
                0x00020c56                SWI5_IRQHandler
                0x00020c56                TIMER0_IRQHandler
                0x00020c56                RADIO_IRQHandler
                0x00020c56                TIMER1_IRQHandler
                0x00020c56                ECB_IRQHandler
                0x00020c56                Default_Handler
                0x00020c56                ADC_IRQHandler
                0x00020c56                SWI3_IRQHandler
                0x00020c56                CCM_AAR_IRQHandler
                0x00020c56                WDT_IRQHandler
                0x00020c56                TIMER2_IRQHandler
                0x00020c56                RNG_IRQHandler
                0x00020c56                SPI1_TWI1_IRQHandler
                0x00020c56                SWI1_IRQHandler
 .text          0x00020c58      0x120 c:/program files (x86)/gnu tools arm embedded/4.9 2015q1/bin/../lib/gcc/arm-none-eabi/4.9.3/armv6-m\libgcc.a(_udivsi3.o)
                0x00020c58                __aeabi_uidiv
                0x00020c58                __udivsi3
                0x00020d64                __aeabi_uidivmod
 .text          0x00020d78        0x4 c:/program files (x86)/gnu tools arm embedded/4.9 2015q1/bin/../lib/gcc/arm-none-eabi/4.9.3/armv6-m\libgcc.a(_dvmd_tls.o)
                0x00020d78                __aeabi_idiv0
                0x00020d78                __aeabi_ldiv0
 .text.memcpy   0x00020d7c       0x12 c:/program files (x86)/gnu tools arm embedded/4.9 2015q1/bin/../lib/gcc/arm-none-eabi/4.9.3/../../../../arm-none-eabi/lib/armv6-m\libc_nano.a(lib_a-memcpy.o)
                0x00020d7c                memcpy
 .text.memmove  0x00020d8e       0x28 c:/program files (x86)/gnu tools arm embedded/4.9 2015q1/bin/../lib/gcc/arm-none-eabi/4.9.3/../../../../arm-none-eabi/lib/armv6-m\libc_nano.a(lib_a-memmove.o)
                0x00020d8e                memmove
 .text.strlen   0x00020db6        0xe c:/program files (x86)/gnu tools arm embedded/4.9 2015q1/bin/../lib/gcc/arm-none-eabi/4.9.3/../../../../arm-none-eabi/lib/armv6-m\libc_nano.a(lib_a-strlen.o)
                0x00020db6                strlen
 *(.init)
 .init          0x00020dc4        0x4 c:/program files (x86)/gnu tools arm embedded/4.9 2015q1/bin/../lib/gcc/arm-none-eabi/4.9.3/armv6-m/crti.o
                0x00020dc4                _init
 .init          0x00020dc8        0x8 c:/program files (x86)/gnu tools arm embedded/4.9 2015q1/bin/../lib/gcc/arm-none-eabi/4.9.3/armv6-m/crtn.o
 *(.fini)
 .fini          0x00020dd0        0x4 c:/program files (x86)/gnu tools arm embedded/4.9 2015q1/bin/../lib/gcc/arm-none-eabi/4.9.3/armv6-m/crti.o
                0x00020dd0                _fini
 .fini          0x00020dd4        0x8 c:/program files (x86)/gnu tools arm embedded/4.9 2015q1/bin/../lib/gcc/arm-none-eabi/4.9.3/armv6-m/crtn.o
 *crtbegin.o(.ctors)
 *crtbegin?.o(.ctors)
 *(EXCLUDE_FILE(*crtend.o *crtend?.o) .ctors)
 *(SORT(.ctors.*))
 *(.ctors)
 *crtbegin.o(.dtors)
 *crtbegin?.o(.dtors)
 *(EXCLUDE_FILE(*crtend.o *crtend?.o) .dtors)
 *(SORT(.dtors.*))
 *(.dtors)
 *(.rodata*)
 .rodata.str1.1
                0x00020ddc        0x2 c:/program files (x86)/gnu tools arm embedded/4.9 2015q1/bin/../lib/gcc/arm-none-eabi/4.9.3/../../../../arm-none-eabi/lib/armv6-m\libc_nano.a(lib_a-impure.o)
 *fill*         0x00020dde        0x2 
 .rodata._global_impure_ptr
                0x00020de0        0x4 c:/program files (x86)/gnu tools arm embedded/4.9 2015q1/bin/../lib/gcc/arm-none-eabi/4.9.3/../../../../arm-none-eabi/lib/armv6-m\libc_nano.a(lib_a-impure.o)
                0x00020de0                _global_impure_ptr
 .rodata.m_detection_delay_timer_id
                0x00020de4        0x4 _build/app_button.o
 .rodata        0x00020de8        0xc _build/ant_stack_config.o
 .rodata.leds_timer_handler
                0x00020df4       0x60 _build/bsp.o
 .rodata.bsp_indication_set
                0x00020e54       0x60 _build/bsp.o
 .rodata.m_button_timer_id
                0x00020eb4        0x4 _build/bsp.o
 .rodata.m_leds_timer_id
                0x00020eb8        0x4 _build/bsp.o
 .rodata.app_buttons
                0x00020ebc       0x20 _build/bsp.o
 .rodata.m_alert_timer_id
                0x00020edc        0x4 _build/bsp.o
 .rodata        0x00020ee0        0x8 _build/main.o
 .rodata.str1.4
                0x00020ee8       0x24 _build/main.o
 .rodata.m_conn_params_timer_id
                0x00020f0c        0x4 _build/ble_conn_params.o
 *(.eh_frame*)
 .eh_frame      0x00020f10        0x0 c:/program files (x86)/gnu tools arm embedded/4.9 2015q1/bin/../lib/gcc/arm-none-eabi/4.9.3/armv6-m/crtbegin.o
                0x00020f10                . = ALIGN (0x4)

.glue_7         0x00020f10        0x0
 .glue_7        0x00000000        0x0 linker stubs

.glue_7t        0x00020f10        0x0
 .glue_7t       0x00000000        0x0 linker stubs

.vfp11_veneer   0x00020f10        0x0
 .vfp11_veneer  0x00000000        0x0 linker stubs

.v4_bx          0x00020f10        0x0
 .v4_bx         0x00000000        0x0 linker stubs

.iplt           0x00020f10        0x0
 .iplt          0x00000000        0x0 c:/program files (x86)/gnu tools arm embedded/4.9 2015q1/bin/../lib/gcc/arm-none-eabi/4.9.3/armv6-m/crtbegin.o

.ARM.extab      0x00020f10        0x0
 *(.ARM.extab* .gnu.linkonce.armextab.*)
                0x00020f10                . = ALIGN (0x4)
                0x00020f10                __exidx_start = .

.ARM.exidx      0x00020f10        0x8
 *(.ARM.exidx* .gnu.linkonce.armexidx.*)
 .ARM.exidx     0x00020f10        0x8 c:/program files (x86)/gnu tools arm embedded/4.9 2015q1/bin/../lib/gcc/arm-none-eabi/4.9.3/../../../../arm-none-eabi/lib/armv6-m/crt0.o
 .ARM.exidx     0x00020f18        0x0 _build/gcc_startup_nrf51.o
                                  0x8 (size before relaxing)
                0x00020f18                . = ALIGN (0x4)
                0x00020f18                __exidx_end = .
                0x00020f18                __etext = .

.rel.dyn        0x00020f18        0x0
 .rel.iplt      0x00000000        0x0 c:/program files (x86)/gnu tools arm embedded/4.9 2015q1/bin/../lib/gcc/arm-none-eabi/4.9.3/armv6-m/crtbegin.o

.data           0x20002200       0x6c load address 0x00020f18
                0x20002200                __data_start__ = .
 *(vtable)
 *(.data*)
 .data.impure_data
                0x20002200       0x60 c:/program files (x86)/gnu tools arm embedded/4.9 2015q1/bin/../lib/gcc/arm-none-eabi/4.9.3/../../../../arm-none-eabi/lib/armv6-m\libc_nano.a(lib_a-impure.o)
 .data.m_conn_handle
                0x20002260        0x2 _build/main.o
                0x20002264                . = ALIGN (0x4)
 *fill*         0x20002262        0x2 
                0x20002264                PROVIDE (__preinit_array_start, .)
 *(.preinit_array)
                0x20002264                PROVIDE (__preinit_array_end, .)
                0x20002264                . = ALIGN (0x4)
                0x20002264                PROVIDE (__init_array_start, .)
 *(SORT(.init_array.*))
 *(.init_array)
 .init_array    0x20002264        0x4 c:/program files (x86)/gnu tools arm embedded/4.9 2015q1/bin/../lib/gcc/arm-none-eabi/4.9.3/armv6-m/crtbegin.o
                0x20002268                PROVIDE (__init_array_end, .)
                0x20002268                . = ALIGN (0x4)
                0x20002268                PROVIDE (__fini_array_start, .)
 *(SORT(.fini_array.*))
 *(.fini_array)
 .fini_array    0x20002268        0x4 c:/program files (x86)/gnu tools arm embedded/4.9 2015q1/bin/../lib/gcc/arm-none-eabi/4.9.3/armv6-m/crtbegin.o
                0x2000226c                PROVIDE (__fini_array_end, .)
 *(.jcr)
 .jcr           0x2000226c        0x0 c:/program files (x86)/gnu tools arm embedded/4.9 2015q1/bin/../lib/gcc/arm-none-eabi/4.9.3/armv6-m/crtbegin.o
                0x2000226c                . = ALIGN (0x4)
                0x2000226c                __data_end__ = .

.igot.plt       0x2000226c        0x0 load address 0x00020f84
 .igot.plt      0x00000000        0x0 c:/program files (x86)/gnu tools arm embedded/4.9 2015q1/bin/../lib/gcc/arm-none-eabi/4.9.3/armv6-m/crtbegin.o

.bss            0x2000226c      0x540 load address 0x00020f84
                0x2000226c                . = ALIGN (0x4)
                0x2000226c                __bss_start__ = .
 *(.bss*)
 .bss           0x2000226c       0x1c c:/program files (x86)/gnu tools arm embedded/4.9 2015q1/bin/../lib/gcc/arm-none-eabi/4.9.3/armv6-m/crtbegin.o
 .bss.m_detection_delay
                0x20002288        0x4 _build/app_button.o
 .bss.mp_buttons
                0x2000228c        0x4 _build/app_button.o
 .bss.m_button_count
                0x20002290        0x1 _build/app_button.o
 *fill*         0x20002291        0x3 
 .bss.m_detection_delay_timer_id_data
                0x20002294       0x20 _build/app_button.o
 .bss.m_pin_state
                0x200022b4        0x4 _build/app_button.o
 .bss.m_pin_transition
                0x200022b8        0x4 _build/app_button.o
 .bss.m_ticks_latest
                0x200022bc        0x4 _build/app_timer.o
 .bss.mp_timer_id_head
                0x200022c0        0x4 _build/app_timer.o
 .bss.m_evt_schedule_func
                0x200022c4        0x4 _build/app_timer.o
 .bss.m_user_array_size
                0x200022c8        0x1 _build/app_timer.o
 *fill*         0x200022c9        0x3 
 .bss.mp_users  0x200022cc        0x4 _build/app_timer.o
 .bss.m_ticks_elapsed_q_read_ind
                0x200022d0        0x1 _build/app_timer.o
 .bss.m_ticks_elapsed_q_write_ind
                0x200022d1        0x1 _build/app_timer.o
 .bss.m_rtc1_reset
                0x200022d2        0x1 _build/app_timer.o
 *fill*         0x200022d3        0x1 
 .bss.m_ticks_elapsed
                0x200022d4        0x8 _build/app_timer.o
 .bss.m_rtc1_running
                0x200022dc        0x1 _build/app_timer.o
 *fill*         0x200022dd        0x3 
 .bss.m_cb      0x200022e0       0x48 _build/nrf_drv_gpiote.o
 .bss.m_cb      0x20002328       0x18 _build/nrf_drv_uart.o
 .bss.ant_stack_buffer
                0x20002340       0x80 _build/ant_stack_config.o
 .bss.m_leds_timer_id_data
                0x200023c0       0x20 _build/bsp.o
 .bss.m_alert_mask
                0x200023e0        0x4 _build/bsp.o
 .bss.release_event_at_push.5976
                0x200023e4        0x4 _build/bsp.o
 .bss.m_indication_type
                0x200023e8        0x4 _build/bsp.o
 .bss.m_app_ticks_per_100ms
                0x200023ec        0x4 _build/bsp.o
 .bss.m_registered_callback
                0x200023f0        0x4 _build/bsp.o
 .bss.m_button_timer_id_data
                0x200023f4       0x20 _build/bsp.o
 .bss.m_stable_state
                0x20002414        0x1 _build/bsp.o
 *fill*         0x20002415        0x3 
 .bss.m_alert_timer_id_data
                0x20002418       0x20 _build/bsp.o
 .bss.current_long_push_pin_no.5975
                0x20002438        0x1 _build/bsp.o
 *fill*         0x20002439        0x3 
 .bss.m_events_list
                0x2000243c        0xc _build/bsp.o
 .bss.s_previous_beat_count.8724
                0x20002448        0x4 _build/main.o
 .bss.m_ant_network_key
                0x2000244c        0x8 _build/main.o
 .bss.BLE_EVT_BUFFER.8781
                0x20002454       0x48 _build/main.o
 .bss.APP_TIMER_BUF.8665
                0x2000249c      0x1c8 _build/main.o
 .bss.m_hrs     0x20002664       0x50 _build/main.o
 .bss.m_adv_params
                0x200026b4       0x18 _build/main.o
 .bss.m_change_param
                0x200026cc        0x1 _build/ble_conn_params.o
 *fill*         0x200026cd        0x3 
 .bss.m_current_conn_params
                0x200026d0        0x8 _build/ble_conn_params.o
 .bss.m_update_count
                0x200026d8        0x1 _build/ble_conn_params.o
 *fill*         0x200026d9        0x3 
 .bss.m_conn_params_config
                0x200026dc       0x1c _build/ble_conn_params.o
 .bss.m_conn_params_timer_id_data
                0x200026f8       0x20 _build/ble_conn_params.o
 .bss.m_conn_handle
                0x20002718        0x2 _build/ble_conn_params.o
 *fill*         0x2000271a        0x2 
 .bss.m_preferred_conn_params
                0x2000271c        0x8 _build/ble_conn_params.o
 .bss.sw_rev_handles
                0x20002724        0x8 _build/ble_dis.o
 .bss.model_num_handles
                0x2000272c        0x8 _build/ble_dis.o
 .bss.sys_id_handles
                0x20002734        0x8 _build/ble_dis.o
 .bss.manufact_name_handles
                0x2000273c        0x8 _build/ble_dis.o
 .bss.reg_cert_data_list_handles
                0x20002744        0x8 _build/ble_dis.o
 .bss.pnp_id_handles
                0x2000274c        0x8 _build/ble_dis.o
 .bss.hw_rev_handles
                0x20002754        0x8 _build/ble_dis.o
 .bss.serial_num_handles
                0x2000275c        0x8 _build/ble_dis.o
 .bss.fw_rev_handles
                0x20002764        0x8 _build/ble_dis.o
 .bss.service_handle
                0x2000276c        0x2 _build/ble_dis.o
 .bss.m_softdevice_enabled
                0x2000276e        0x1 _build/softdevice_handler.o
 *fill*         0x2000276f        0x1 
 .bss.m_ble_evt_buffer_size
                0x20002770        0x2 _build/softdevice_handler.o
 *fill*         0x20002772        0x2 
 .bss.mp_ble_evt_buffer
                0x20002774        0x4 _build/softdevice_handler.o
 .bss.m_ant_evt_handler
                0x20002778        0x4 _build/softdevice_handler.o
 .bss.m_sys_evt_handler
                0x2000277c        0x4 _build/softdevice_handler.o
 .bss.m_ble_evt_handler
                0x20002780        0x4 _build/softdevice_handler.o
 .bss.m_ant_evt_buffer
                0x20002784       0x24 _build/softdevice_handler.o
 .bss.m_evt_schedule_func
                0x200027a8        0x4 _build/softdevice_handler.o
 *(COMMON)
                0x200027ac                . = ALIGN (0x4)
                0x200027ac                __bss_end__ = .

.heap           0x200027b0      0x800
                0x200027b0                __end__ = .
                0x200027b0                end = __end__
 *(.heap*)
 .heap          0x200027b0      0x800 _build/gcc_startup_nrf51.o
                0x200027b0                __HeapBase
                0x20002fb0                __HeapLimit = .

.stack_dummy    0x200027b0      0x800
 *(.stack*)
 .stack         0x200027b0      0x800 _build/gcc_startup_nrf51.o
                0x20008000                __StackTop = (ORIGIN (RAM) + 0x5e00)
                0x20007800                __StackLimit = (__StackTop - SIZEOF (.stack_dummy))
                0x20008000                PROVIDE (__stack, __StackTop)
                0x00000001                ASSERT ((__StackLimit >= __HeapLimit), region RAM overflowed with stack)
OUTPUT(_build/nrf51422_xxac_s310.out elf32-littlearm)

.ARM.attributes
                0x00000000       0x28
 .ARM.attributes
                0x00000000       0x1e c:/program files (x86)/gnu tools arm embedded/4.9 2015q1/bin/../lib/gcc/arm-none-eabi/4.9.3/armv6-m/crti.o
 .ARM.attributes
                0x0000001e       0x2c c:/program files (x86)/gnu tools arm embedded/4.9 2015q1/bin/../lib/gcc/arm-none-eabi/4.9.3/armv6-m/crtbegin.o
 .ARM.attributes
                0x0000004a       0x1b c:/program files (x86)/gnu tools arm embedded/4.9 2015q1/bin/../lib/gcc/arm-none-eabi/4.9.3/../../../../arm-none-eabi/lib/armv6-m/crt0.o
 .ARM.attributes
                0x00000065       0x2c c:/program files (x86)/gnu tools arm embedded/4.9 2015q1/bin/../lib/gcc/arm-none-eabi/4.9.3/../../../../arm-none-eabi/lib/armv6-m\libc_nano.a(lib_a-exit.o)
 .ARM.attributes
                0x00000091       0x2c c:/program files (x86)/gnu tools arm embedded/4.9 2015q1/bin/../lib/gcc/arm-none-eabi/4.9.3/../../../../arm-none-eabi/lib/armv6-m\libc_nano.a(lib_a-impure.o)
 .ARM.attributes
                0x000000bd       0x2c c:/program files (x86)/gnu tools arm embedded/4.9 2015q1/bin/../lib/gcc/arm-none-eabi/4.9.3/../../../../arm-none-eabi/lib/armv6-m\libc_nano.a(lib_a-init.o)
 .ARM.attributes
                0x000000e9       0x2c c:/program files (x86)/gnu tools arm embedded/4.9 2015q1/bin/../lib/gcc/arm-none-eabi/4.9.3/../../../../arm-none-eabi/lib/armv6-m\libc_nano.a(lib_a-memset.o)
 .ARM.attributes
                0x00000115       0x2c c:/program files (x86)/gnu tools arm embedded/4.9 2015q1/bin/../lib/gcc/arm-none-eabi/4.9.3/../../../../arm-none-eabi/lib/armv6-m\libnosys.a(_exit.o)
 .ARM.attributes
                0x00000141       0x31 _build/app_button.o
 .ARM.attributes
                0x00000172       0x31 _build/app_error.o
 .ARM.attributes
                0x000001a3       0x31 _build/app_timer.o
 .ARM.attributes
                0x000001d4       0x31 _build/nrf_drv_common.o
 .ARM.attributes
                0x00000205       0x31 _build/nrf_drv_gpiote.o
 .ARM.attributes
                0x00000236       0x31 _build/nrf_drv_uart.o
 .ARM.attributes
                0x00000267       0x31 _build/ant_stack_config.o
 .ARM.attributes
                0x00000298       0x31 _build/bsp.o
 .ARM.attributes
                0x000002c9       0x31 _build/main.o
 .ARM.attributes
                0x000002fa       0x31 _build/ble_advdata.o
 .ARM.attributes
                0x0000032b       0x31 _build/ble_conn_params.o
 .ARM.attributes
                0x0000035c       0x31 _build/ble_dis.o
 .ARM.attributes
                0x0000038d       0x31 _build/ble_hrs.o
 .ARM.attributes
                0x000003be       0x31 _build/ble_srv_common.o
 .ARM.attributes
                0x000003ef       0x31 _build/system_nrf51.o
 .ARM.attributes
                0x00000420       0x31 _build/softdevice_handler.o
 .ARM.attributes
                0x00000451       0x1b _build/gcc_startup_nrf51.o
 .ARM.attributes
                0x0000046c       0x1e c:/program files (x86)/gnu tools arm embedded/4.9 2015q1/bin/../lib/gcc/arm-none-eabi/4.9.3/armv6-m\libgcc.a(_udivsi3.o)
 .ARM.attributes
                0x0000048a       0x1e c:/program files (x86)/gnu tools arm embedded/4.9 2015q1/bin/../lib/gcc/arm-none-eabi/4.9.3/armv6-m\libgcc.a(_dvmd_tls.o)
 .ARM.attributes
                0x000004a8       0x2c c:/program files (x86)/gnu tools arm embedded/4.9 2015q1/bin/../lib/gcc/arm-none-eabi/4.9.3/../../../../arm-none-eabi/lib/armv6-m\libc_nano.a(lib_a-memcpy.o)
 .ARM.attributes
                0x000004d4       0x2c c:/program files (x86)/gnu tools arm embedded/4.9 2015q1/bin/../lib/gcc/arm-none-eabi/4.9.3/../../../../arm-none-eabi/lib/armv6-m\libc_nano.a(lib_a-memmove.o)
 .ARM.attributes
                0x00000500       0x2c c:/program files (x86)/gnu tools arm embedded/4.9 2015q1/bin/../lib/gcc/arm-none-eabi/4.9.3/../../../../arm-none-eabi/lib/armv6-m\libc_nano.a(lib_a-strlen.o)
 .ARM.attributes
                0x0000052c       0x1e c:/program files (x86)/gnu tools arm embedded/4.9 2015q1/bin/../lib/gcc/arm-none-eabi/4.9.3/armv6-m/crtn.o

.comment        0x00000000       0x70
 .comment       0x00000000       0x70 _build/app_button.o
                                 0x71 (size before relaxing)
 .comment       0x00000000       0x71 _build/app_error.o
 .comment       0x00000000       0x71 _build/app_timer.o
 .comment       0x00000000       0x71 _build/nrf_drv_common.o
 .comment       0x00000000       0x71 _build/nrf_drv_gpiote.o
 .comment       0x00000000       0x71 _build/nrf_drv_uart.o
 .comment       0x00000000       0x71 _build/ant_stack_config.o
 .comment       0x00000000       0x71 _build/bsp.o
 .comment       0x00000000       0x71 _build/main.o
 .comment       0x00000000       0x71 _build/ble_advdata.o
 .comment       0x00000000       0x71 _build/ble_conn_params.o
 .comment       0x00000000       0x71 _build/ble_dis.o
 .comment       0x00000000       0x71 _build/ble_hrs.o
 .comment       0x00000000       0x71 _build/ble_srv_common.o
 .comment       0x00000000       0x71 _build/system_nrf51.o
 .comment       0x00000000       0x71 _build/softdevice_handler.o

.debug_frame    0x00000000      0x124
 .debug_frame   0x00000000       0x28 c:/program files (x86)/gnu tools arm embedded/4.9 2015q1/bin/../lib/gcc/arm-none-eabi/4.9.3/../../../../arm-none-eabi/lib/armv6-m\libc_nano.a(lib_a-exit.o)
 .debug_frame   0x00000028       0x2c c:/program files (x86)/gnu tools arm embedded/4.9 2015q1/bin/../lib/gcc/arm-none-eabi/4.9.3/../../../../arm-none-eabi/lib/armv6-m\libc_nano.a(lib_a-init.o)
 .debug_frame   0x00000054       0x20 c:/program files (x86)/gnu tools arm embedded/4.9 2015q1/bin/../lib/gcc/arm-none-eabi/4.9.3/../../../../arm-none-eabi/lib/armv6-m\libc_nano.a(lib_a-memset.o)
 .debug_frame   0x00000074       0x20 c:/program files (x86)/gnu tools arm embedded/4.9 2015q1/bin/../lib/gcc/arm-none-eabi/4.9.3/../../../../arm-none-eabi/lib/armv6-m\libnosys.a(_exit.o)
 .debug_frame   0x00000094       0x20 c:/program files (x86)/gnu tools arm embedded/4.9 2015q1/bin/../lib/gcc/arm-none-eabi/4.9.3/armv6-m\libgcc.a(_udivsi3.o)
 .debug_frame   0x000000b4       0x28 c:/program files (x86)/gnu tools arm embedded/4.9 2015q1/bin/../lib/gcc/arm-none-eabi/4.9.3/../../../../arm-none-eabi/lib/armv6-m\libc_nano.a(lib_a-memcpy.o)
 .debug_frame   0x000000dc       0x28 c:/program files (x86)/gnu tools arm embedded/4.9 2015q1/bin/../lib/gcc/arm-none-eabi/4.9.3/../../../../arm-none-eabi/lib/armv6-m\libc_nano.a(lib_a-memmove.o)
 .debug_frame   0x00000104       0x20 c:/program files (x86)/gnu tools arm embedded/4.9 2015q1/bin/../lib/gcc/arm-none-eabi/4.9.3/../../../../arm-none-eabi/lib/armv6-m\libc_nano.a(lib_a-strlen.o)
